Component: ARM Compiler 5.06 update 6 (build 750) Tool: armlink [4d35ed]

==============================================================================

Section Cross References

    main.o(i.Jump_Bootloader) refers to bat_adc.o(i.BAT_ADC_Deinit) for BAT_ADC_Deinit
    main.o(i.Jump_Bootloader) refers to port.o(i.vPortEnterCritical) for vPortEnterCritical
    main.o(i.Jump_Bootloader) refers to printfa.o(i.__0printf) for __2printf
    main.o(i.Jump_Bootloader) refers to main.o(.data) for .data
    main.o(i.Jump_Bootloader) refers to main.o(.ARM.__AT_0x2000FF80) for .ARM.__AT_0x2000FF80
    main.o(i.SystemClock_Config) refers to memseta.o(.text) for __aeabi_memclr4
    main.o(i.SystemClock_Config) refers to stm32l4xx_hal_rcc.o(i.HAL_RCC_OscConfig) for HAL_RCC_OscConfig
    main.o(i.SystemClock_Config) refers to stm32l4xx_hal_rcc.o(i.HAL_RCC_ClockConfig) for HAL_RCC_ClockConfig
    main.o(i.SystemClock_Config) refers to stm32l4xx_hal_rcc_ex.o(i.HAL_RCCEx_PeriphCLKConfig) for HAL_RCCEx_PeriphCLKConfig
    main.o(i.SystemClock_Config) refers to stm32l4xx_hal_pwr_ex.o(i.HAL_PWREx_ControlVoltageScaling) for HAL_PWREx_ControlVoltageScaling
    main.o(i.main) refers to stm32l4xx_hal.o(i.HAL_Init) for HAL_Init
    main.o(i.main) refers to main.o(i.SystemClock_Config) for SystemClock_Config
    main.o(i.main) refers to gpio_control.o(i.GPIOInit) for GPIOInit
    main.o(i.main) refers to print.o(i.Print_USART2_Init) for Print_USART2_Init
    main.o(i.main) refers to printfa.o(i.__0printf) for __2printf
    main.o(i.main) refers to bat_adc.o(i.BAT_ADC_Init) for BAT_ADC_Init
    main.o(i.main) refers to lcd.o(i.LCD_Init) for LCD_Init
    main.o(i.main) refers to lcd.o(i.LCD_Clear) for LCD_Clear
    main.o(i.main) refers to key.o(i.keyInit) for keyInit
    main.o(i.main) refers to rtc.o(i.RTC_Init) for RTC_Init
    main.o(i.main) refers to global.o(i.InitGlobalData) for InitGlobalData
    main.o(i.main) refers to w25qxx.o(i.W25QXX_Init) for W25QXX_Init
    main.o(i.main) refers to radiolink.o(i.BT_Init) for BT_Init
    main.o(i.main) refers to uart_si446.o(i.uartSi446Init) for uartSi446Init
    main.o(i.main) refers to displaytask.o(i.displayInit) for displayInit
    main.o(i.main) refers to tasks.o(i.xTaskCreate) for xTaskCreate
    main.o(i.main) refers to tasks.o(i.vTaskStartScheduler) for vTaskStartScheduler
    main.o(i.main) refers to tasks.o(i.vTaskDelay) for vTaskDelay
    main.o(i.main) refers to lcd.o(.data) for BACK_COLOR
    main.o(i.main) refers to main.o(.ARM.__AT_0x2000FF80) for .ARM.__AT_0x2000FF80
    main.o(i.main) refers to main.o(.data) for .data
    main.o(i.main) refers to main.o(i.startTask) for startTask
    main.o(i.startTask) refers to port.o(i.vPortEnterCritical) for vPortEnterCritical
    main.o(i.startTask) refers to tasks.o(i.xTaskCreate) for xTaskCreate
    main.o(i.startTask) refers to heap_4.o(i.xPortGetFreeHeapSize) for xPortGetFreeHeapSize
    main.o(i.startTask) refers to printfa.o(i.__0printf) for __2printf
    main.o(i.startTask) refers to tasks.o(i.vTaskDelete) for vTaskDelete
    main.o(i.startTask) refers to port.o(i.vPortExitCritical) for vPortExitCritical
    main.o(i.startTask) refers to radiolink.o(i.BT_RxTask) for BT_RxTask
    main.o(i.startTask) refers to print.o(i.GPS_RecTask) for GPS_RecTask
    main.o(i.startTask) refers to storagetask.o(i.configParamTask) for configParamTask
    main.o(i.startTask) refers to keytask.o(i.keyTask) for keyTask
    main.o(i.startTask) refers to displaytask.o(i.displayTask) for displayTask
    main.o(i.startTask) refers to sensorstask.o(i.sensorsTask) for sensorsTask
    main.o(i.startTask) refers to main.o(.data) for .data
    stm32l4xx_it.o(i.SysTick_Handler) refers to stm32l4xx_hal.o(i.HAL_IncTick) for HAL_IncTick
    stm32l4xx_it.o(i.SysTick_Handler) refers to cmsis_os.o(i.osSystickHandler) for osSystickHandler
    stm32l4xx_it.o(i.USART1_IRQHandler) refers to stm32l4xx_hal_uart.o(i.HAL_UART_IRQHandler) for HAL_UART_IRQHandler
    stm32l4xx_it.o(i.USART1_IRQHandler) refers to uart_si446.o(.bss) for huart1
    stm32l4xx_it.o(i.USART2_IRQHandler) refers to print.o(i.USR_UART2_RxCpltCallback) for USR_UART2_RxCpltCallback
    stm32l4xx_it.o(i.USART3_IRQHandler) refers to uart_link.o(i.USR_UART3_RxCpltCallback) for USR_UART3_RxCpltCallback
    stm32l4xx_hal_msp.o(i.HAL_ADC_MspInit) refers to stm32l4xx_hal_gpio.o(i.HAL_GPIO_Init) for HAL_GPIO_Init
    stm32l4xx_hal_msp.o(i.HAL_I2C_MspDeInit) refers to stm32l4xx_hal_gpio.o(i.HAL_GPIO_DeInit) for HAL_GPIO_DeInit
    stm32l4xx_hal_msp.o(i.HAL_I2C_MspInit) refers to memseta.o(.text) for __aeabi_memclr4
    stm32l4xx_hal_msp.o(i.HAL_I2C_MspInit) refers to stm32l4xx_hal_gpio.o(i.HAL_GPIO_Init) for HAL_GPIO_Init
    stm32l4xx_hal_msp.o(i.HAL_MspInit) refers to stm32l4xx_hal_cortex.o(i.HAL_NVIC_SetPriority) for HAL_NVIC_SetPriority
    stm32l4xx_hal_msp.o(i.HAL_RTC_MspInit) refers to stm32l4xx_hal_pwr.o(i.HAL_PWR_EnableBkUpAccess) for HAL_PWR_EnableBkUpAccess
[...]
    mpu_spi_init                             0x0801cca1   Thumb Code    72  mpu9250.o(i.mpu_spi_init)
    ms5837_init                              0x0801ccf1   Thumb Code    56  ms5837.o(i.ms5837_init)
    my_mem_init                              0x0801cd49   Thumb Code    36  malloc.o(i.my_mem_init)
    my_mem_malloc                            0x0801cd75   Thumb Code   128  malloc.o(i.my_mem_malloc)
    my_mem_perused                           0x0801cdfd   Thumb Code    50  malloc.o(i.my_mem_perused)
    mymalloc                                 0x0801ce39   Thumb Code    28  malloc.o(i.mymalloc)
    mymemset                                 0x0801ce59   Thumb Code    14  malloc.o(i.mymemset)
    osSystickHandler                         0x0801ce67   Thumb Code    20  cmsis_os.o(i.osSystickHandler)
    pvPortMalloc                             0x0801d19d   Thumb Code   210  heap_4.o(i.pvPortMalloc)
    pxPortInitialiseStack                    0x0801d275   Thumb Code    40  port.o(i.pxPortInitialiseStack)
    reset_ui                                 0x0801d2a1   Thumb Code   382  reset_ui.o(i.reset_ui)
    sensorsInit                              0x0801d44b   Thumb Code    18  sensorstask.o(i.sensorsInit)
    sensorsTask                              0x0801d45d   Thumb Code    84  sensorstask.o(i.sensorsTask)
    setShow_ui                               0x0801d4b5   Thumb Code    22  displaytask.o(i.setShow_ui)
    set_display_data_depth                   0x0801d4d5   Thumb Code     6  displaytask.o(i.set_display_data_depth)
    set_display_data_diving_time             0x0801d4e1   Thumb Code    22  displaytask.o(i.set_display_data_diving_time)
    set_display_data_no_bat_state            0x0801d4fd   Thumb Code     6  displaytask.o(i.set_display_data_no_bat_state)
    set_display_data_no_bat_status           0x0801d509   Thumb Code     8  displaytask.o(i.set_display_data_no_bat_status)
    set_display_data_no_oxygen_State         0x0801d515   Thumb Code    10  displaytask.o(i.set_display_data_no_oxygen_State)
    set_display_data_temp                    0x0801d525   Thumb Code     6  displaytask.o(i.set_display_data_temp)
    set_display_data_zebra_date              0x0801d531   Thumb Code    16  displaytask.o(i.set_display_data_zebra_date)
    set_display_data_zebra_time              0x0801d545   Thumb Code    14  displaytask.o(i.set_display_data_zebra_time)
    set_ui                                   0x0801d559   Thumb Code   316  set_display.o(i.set_ui)
    sqrt                                     0x0801d6c7   Thumb Code   110  sqrt.o(i.sqrt)
    time_ui_new                              0x0801d841   Thumb Code   598  time_ui.o(i.time_ui_new)
    uartSi446Init                            0x0801dad9   Thumb Code    60  uart_si446.o(i.uartSi446Init)
    uartsi446GetOxygen                       0x0801db35   Thumb Code    14  uart_si446.o(i.uartsi446GetOxygen)
    update_ui                                0x0801db49   Thumb Code   228  update_ui.o(i.update_ui)
    uxListRemove                             0x0801dc57   Thumb Code    38  list.o(i.uxListRemove)
    vListInitialise                          0x0801dc7d   Thumb Code    22  list.o(i.vListInitialise)
    vListInitialiseItem                      0x0801dc93   Thumb Code     6  list.o(i.vListInitialiseItem)
    vListInsert                              0x0801dc99   Thumb Code    48  list.o(i.vListInsert)
    vListInsertEnd                           0x0801dcc9   Thumb Code    24  list.o(i.vListInsertEnd)
    vPortEnterCritical                       0x0801dce1   Thumb Code    54  port.o(i.vPortEnterCritical)
    vPortExitCritical                        0x0801dd21   Thumb Code    34  port.o(i.vPortExitCritical)
    vPortFree                                0x0801dd49   Thumb Code    88  heap_4.o(i.vPortFree)
    vPortSetupTimerInterrupt                 0x0801dda5   Thumb Code    32  port.o(i.vPortSetupTimerInterrupt)
    vTaskDelay                               0x0801ddc9   Thumb Code    66  tasks.o(i.vTaskDelay)
    vTaskDelayUntil                          0x0801de15   Thumb Code   132  tasks.o(i.vTaskDelayUntil)
    vTaskDelete                              0x0801dea1   Thumb Code   156  tasks.o(i.vTaskDelete)
    vTaskStartScheduler                      0x0801df4d   Thumb Code    86  tasks.o(i.vTaskStartScheduler)
    vTaskSuspendAll                          0x0801dfb5   Thumb Code    10  tasks.o(i.vTaskSuspendAll)
    vTaskSwitchContext                       0x0801dfc5   Thumb Code    82  tasks.o(i.vTaskSwitchContext)
    xPortGetFreeHeapSize                     0x0801e021   Thumb Code     6  heap_4.o(i.xPortGetFreeHeapSize)
    xPortStartScheduler                      0x0801e02d   Thumb Code   222  port.o(i.xPortStartScheduler)
    xPortSysTickHandler                      0x0801e121   Thumb Code    38  port.o(i.xPortSysTickHandler)
    xTaskCreate                              0x0801e14d   Thumb Code    86  tasks.o(i.xTaskCreate)
    xTaskGetSchedulerState                   0x0801e1a9   Thumb Code    22  tasks.o(i.xTaskGetSchedulerState)
    xTaskGetTickCount                        0x0801e1c5   Thumb Code     6  tasks.o(i.xTaskGetTickCount)
    xTaskIncrementTick                       0x0801e1d1   Thumb Code   192  tasks.o(i.xTaskIncrementTick)
    xTaskResumeAll                           0x0801e299   Thumb Code   182  tasks.o(i.xTaskResumeAll)
    AHBPrescTable                            0x0801e35c   Data          16  system_stm32l4xx.o(.constdata)
    MSIRangeTable                            0x0801e36c   Data          48  system_stm32l4xx.o(.constdata)
    APBPrescTable                            0x0801e39c   Data           8  system_stm32l4xx.o(.constdata)
    gImage_Temp_Symbol_ch                    0x0801e3a4   Data         288  zqjqr_log.o(.constdata)
    gImage_Temp_Symbol_en                    0x0801e4c4   Data         288  zqjqr_log.o(.constdata)
    gImage_num_16                            0x0801e5e4   Data        1188  zqjqr_log.o(.constdata)
    gImage_16dian11                          0x0801ea88   Data          36  zqjqr_log.o(.constdata)
    gImage_16dian22                          0x0801eaac   Data          36  zqjqr_log.o(.constdata)
    gImage_depth                             0x0801ead0   Data        1352  zqjqr_log.o(.constdata)
    gImage_depth_max                         0x0801f018   Data         800  zqjqr_log.o(.constdata)
    gImage_warn                              0x0801f338   Data         800  zqjqr_log.o(.constdata)
    gImage_bl_connect                        0x0801f658   Data         560  zqjqr_log.o(.constdata)
    gImage_bl_disconnect                     0x0801f888   Data         560  zqjqr_log.o(.constdata)
    gImage_water_temperature                 0x0801fab8   Data         800  zqjqr_log.o(.constdata)
    gImage_oxygen_capacity                   0x0801fdd8   Data         980  zqjqr_log.o(.constdata)
    gImage_oxygen_capacity_air               0x080201ac   Data         980  zqjqr_log.o(.constdata)
    gImage_oxygen_capacity_high              0x08020580   Data         980  zqjqr_log.o(.constdata)
    gImage_electricity                       0x08020954   Data         980  zqjqr_log.o(.constdata)
    gImage_diving                            0x08020d28   Data        1352  zqjqr_log.o(.constdata)
    gImage_diving_time                       0x08021270   Data         800  zqjqr_log.o(.constdata)
    gImage_current_time                      0x08021590   Data         800  zqjqr_log.o(.constdata)
    gImage_direction                         0x080218b0   Data         200  zqjqr_log.o(.constdata)
    gImage_mode                              0x08021978   Data         672  zqjqr_log.o(.constdata)
    gImage_recording                         0x08021c18   Data         960  zqjqr_log.o(.constdata)
    gImage_set                               0x08021fd8   Data        1152  zqjqr_log.o(.constdata)
    gImage_mode_key                          0x08022458   Data        2880  zqjqr_log.o(.constdata)
    gImage_set_key                           0x08022f98   Data        2880  zqjqr_log.o(.constdata)
    gImage_recording_key                     0x08023ad8   Data        2880  zqjqr_log.o(.constdata)
    gImage_freestyle                         0x08024618   Data        1152  zqjqr_log.o(.constdata)
    gImage_hyperoxia                         0x08024a98   Data        1152  zqjqr_log.o(.constdata)
    gImage_scuba                             0x08024f18   Data        1152  zqjqr_log.o(.constdata)
    gImage_language                          0x08025398   Data        1152  zqjqr_log.o(.constdata)
    gImage_pair                              0x08025818   Data        1152  zqjqr_log.o(.constdata)
    gImage_restore                           0x08025c98   Data        1152  zqjqr_log.o(.constdata)
    gImage_two_way                           0x08026118   Data         576  zqjqr_log.o(.constdata)
    gImage_frog_mirror                       0x08026358   Data         288  zqjqr_log.o(.constdata)
    gImage_mobile_phone                      0x08026478   Data         800  zqjqr_log.o(.constdata)
    asc2_1206                                0x08026798   Data        1140  font.o(.constdata)
    asc2_1608                                0x08026c0c   Data        1520  font.o(.constdata)
    asc2_2412                                0x080271fc   Data        4560  font.o(.constdata)
    asc2_3216                                0x080283cc   Data        6080  font.o(.constdata)
    font_1616                                0x08029b8c   Data        2336  font.o(.constdata)
    direct_Degree                            0x0802a4b8   Data          36  main_ui.o(.constdata)
    memtblsize                               0x0802a8dc   Data          12  malloc.o(.constdata)
    memblksize                               0x0802a8e8   Data          12  malloc.o(.constdata)
    memsize                                  0x0802a8f4   Data          12  malloc.o(.constdata)
    __mathlib_zero                           0x0802aa70   Data           8  qnan.o(.constdata)
    __ctype_categories                       0x0802aa78   Data          64  ctype_c.o(.constdata)
    Region$$Table$$Base                      0x0802ad58   Number         0  anon$$obj.o(Region$$Table)
    Region$$Table$$Limit                     0x0802ad78   Number         0  anon$$obj.o(Region$$Table)
    mem3base                                 0x10000000   Data       61440  malloc.o(.ARM.__AT_0x10000000)
    mem3mapbase                              0x1000f000   Data        3840  malloc.o(.ARM.__AT_0x1000F000)
    startTaskHandle                          0x20000000   Data           4  main.o(.data)
    Jump_To_Application                      0x20000004   Data           4  main.o(.data)
    uwTick                                   0x20000008   Data           4  stm32l4xx_hal.o(.data)
    SystemCoreClock                          0x2000000c   Data           4  system_stm32l4xx.o(.data)
    pxCurrentTCB                             0x20000010   Data           4  tasks.o(.data)
    flush_enable                             0x20000070   Data           1  lcd.o(.data)
    POINT_COLOR                              0x20000072   Data           2  lcd.o(.data)
    BACK_COLOR                               0x20000074   Data           2  lcd.o(.data)
    font1616_table                           0x20000078   Data           4  text.o(.data)
    sdatestructure                           0x2000007c   Data           4  rtc.o(.data)
    W25QXX_TYPE                              0x20000080   Data           2  w25qxx.o(.data)
    m_Mag_Bias                               0x20000088   Data           6  mpu9250.o(.data)
    mag_Old                                  0x2000008e   Data           6  mpu9250.o(.data)
    size                                     0x20000094   Data           2  ms5837.o(.data)
    m_BT_CurrentBuff                         0x20000096   Data           1  uart_link.o(.data)
    GPS_RecDataIndex                         0x20000097   Data           1  print.o(.data)
    GPS_RecDataIndex_Old                     0x20000098   Data           1  print.o(.data)
    m_Gps_WorkState                          0x20000099   Data           1  print.o(.data)
    m_GPS_Countdown                          0x2000009a   Data           1  print.o(.data)
    tmpData                                  0x2000009b   Data           1  uart_si446.o(.data)
    SI446_Oxygen                             0x2000009c   Data           1  uart_si446.o(.data)
    SI446_Power                              0x2000009d   Data           1  uart_si446.o(.data)
    SI446_Index                              0x2000009e   Data           1  uart_si446.o(.data)
    SI446_Index_old                          0x2000009f   Data           1  uart_si446.o(.data)
    stepLanguage10                           0x200000a8   Data          12  depth_ui.o(.data)
    DiveDepthLang_En                         0x200000b4   Data          16  depth_ui.o(.data)
    LanguageSelect                           0x200000c4   Data          24  language_ui.o(.data)
    direct_Point_Ch                          0x200000f0   Data          36  main_ui.o(.data)
    direct_Point_En                          0x20000114   Data          36  main_ui.o(.data)
    CompensateMap_roll                       0x20000138   Data         156  main_ui.o(.data)
    CompensateMap_pitch                      0x200001d4   Data         156  main_ui.o(.data)
    MatchLang_En                             0x20000270   Data           8  match_ui.o(.data)
    stepLanguage6                            0x20000278   Data          12  match_ui.o(.data)
    stepLanguage                             0x20000284   Data          12  menu_display.o(.data)
    stepLanguageEn                           0x20000290   Data          12  menu_display.o(.data)
    stepLanguage3                            0x2000029c   Data          24  mode_display.o(.data)
    ResetLang_Chi                            0x200002b4   Data          20  reset_ui.o(.data)
    ResetLang_En                             0x200002c8   Data          20  reset_ui.o(.data)
    stepLanguage4                            0x200002dc   Data          12  set_display.o(.data)
    setLang_En                               0x200002e8   Data          12  set_display.o(.data)
    stepLanguage11                           0x200002f8   Data          12  time_ui.o(.data)
    DiveTimeLang_En                          0x20000304   Data          12  time_ui.o(.data)
    endDiveLang_Ch                           0x20000310   Data          28  enddive_ui.o(.data)
    endDiveLang_En                           0x2000032c   Data          24  enddive_ui.o(.data)
    updateLang_Ch                            0x20000344   Data           8  update_ui.o(.data)
    updateLang_En                            0x2000034c   Data           8  update_ui.o(.data)
    Key_A_Sample                             0x2000035c   Data           4  keytask.o(.data)
    Key_B_Sample                             0x20000360   Data           4  keytask.o(.data)
    Key_C_Sample                             0x20000364   Data           4  keytask.o(.data)
    m_ConfigParamsChanged                    0x20000368   Data           1  storagetask.o(.data)
    g_RecordOffsetIndex                      0x2000036a   Data           1  storagetask.o(.data)
    g_RecordIndexInfo                        0x2000036b   Data           2  storagetask.o(.data)
    m_BT_WorkState                           0x20000370   Data           1  radiolink.o(.data)
    m_BT_Countdown                           0x20000371   Data           1  radiolink.o(.data)
    m_BT_RecvData_CD                         0x20000372   Data           1  radiolink.o(.data)
    m_BT_FastPackageCnt                      0x20000374   Data           2  radiolink.o(.data)
    m_BT_FastRecvFlag                        0x20000378   Data           4  radiolink.o(.data)
    q0                                       0x2000037c   Data           4  imu.o(.data)
    q1                                       0x20000380   Data           4  imu.o(.data)
    q2                                       0x20000384   Data           4  imu.o(.data)
    q3                                       0x20000388   Data           4  imu.o(.data)
    mallco_dev                               0x2000038c   Data          36  malloc.o(.data)
    g_nDiveMode_Tmp                          0x200003b0   Data           1  global.o(.data)
    g_nCurrentDiveMode                       0x200003b1   Data           1  global.o(.data)
    __stdout                                 0x200003b4   Data           4  stdout.o(.data)
    SPI_Lcd_Handler                          0x20007e98   Data         100  lcd.o(.bss)
    RTC_Handler                              0x20007efc   Data          36  rtc.o(.bss)
    init_stimestructure                      0x20007f20   Data          20  rtc.o(.bss)
    stimestructure                           0x20007f34   Data          20  rtc.o(.bss)
    SPI2_Handler                             0x20007f48   Data         100  w25qxx.o(.bss)
    W25QXX_BUFFER                            0x20007fac   Data        4096  w25qxx.o(.bss)
    SPI_Mpu_Handler                          0x20008fc4   Data         100  mpu9250.o(.bss)
    test_temp_data                           0x20009028   Data          18  mpu9250.o(.bss)
    data                                     0x2000903c   Data         256  ms5837.o(.bss)
    ms583730ba_sensor                        0x2000913c   Data          44  ms5837.o(.bss)
    hi2c1                                    0x20009168   Data          76  ms5837.o(.bss)
    huart3                                   0x200091b4   Data         120  uart_link.o(.bss)
    m_BT_Struct_A                            0x2000922c   Data         202  uart_link.o(.bss)
    m_BT_Struct_B                            0x200092f6   Data         202  uart_link.o(.bss)
    BT_DataHeap                              0x200093c0   Data         202  uart_link.o(.bss)
    huart2                                   0x20009490   Data         120  print.o(.bss)
    GPS_ReceiveBuffer                        0x20009508   Data         100  print.o(.bss)
    Print_DataHeap                           0x2000956c   Data         202  print.o(.bss)
    m_GPS_RawData                            0x20009638   Data          32  print.o(.bss)
    m_GPS_Data                               0x20009658   Data          24  print.o(.bss)
    huart1                                   0x20009670   Data         120  uart_si446.o(.bss)
    SI446_DataBuffer                         0x200096e8   Data          50  uart_si446.o(.bss)
    ADC1_Handler                             0x2000971c   Data         100  bat_adc.o(.bss)
    AdcSampleBuffer                          0x20009780   Data          16  bat_adc.o(.bss)
    hdma_adc1                                0x20009790   Data          72  bat_adc.o(.bss)
    m_ConfigParams                           0x20009818   Data          28  storagetask.o(.bss)
    g_DiveDataHead                           0x20009834   Data          20  storagetask.o(.bss)
    g_DiveDataPoint                          0x20009848   Data          24  storagetask.o(.bss)
    m_BT_TX_Buffer                           0x20009860   Data         200  radiolink.o(.bss)
    m_BT_Name                                0x20009928   Data          16  radiolink.o(.bss)
    m_DataSaveExFlash                        0x20009938   Data          16  radiolink.o(.bss)
    sensors                                  0x20009948   Data          52  sensorstask.o(.bss)
    state                                    0x2000997c   Data          64  sensorstask.o(.bss)
    mem1base                                 0x200099c0   Data       16384  malloc.o(.bss)
    mem1mapbase                              0x2000d9c0   Data        1024  malloc.o(.bss)
    __initial_sp                             0x2000e1c0   Data           0  startup_stm32l433xx.o(STACK)
    _BootupParameter_                        0x2000ff80   Data           1  main.o(.ARM.__AT_0x2000FF80)
    mem2base                                 0xc01f4000   Data       29605888  malloc.o(.ARM.__AT_0xC01F4000)
    mem2mapbase                              0xc1e30000   Data       1850368  malloc.o(.ARM.__AT_0xC1E30000)



==============================================================================

Memory Map of the image

  Image Entry point : 0x0801018d

  Load Region LR_IROM1 (Base: 0x08010000, Size: 0x0001b134, Max: 0x00030000, ABSOLUTE, COMPRESSED[0x0001af34])

    Execution Region ER_IROM1 (Exec base: 0x08010000, Load base: 0x08010000, Size: 0x0001ad78, Max: 0x00030000, ABSOLUTE)

    Exec Addr    Load Addr    Size         Type   Attr      Idx    E Section Name        Object

    0x08010000   0x08010000   0x0000018c   Data   RO         3980    RESET               startup_stm32l433xx.o
    0x0801018c   0x0801018c   0x00000000   Code   RO         8296  * .ARM.Collect$$$$00000000  mc_w.l(entry.o)
    0x0801018c   0x0801018c   0x00000004   Code   RO         8694    .ARM.Collect$$$$00000001  mc_w.l(entry2.o)
    0x08010190   0x08010190   0x00000004   Code   RO         8697    .ARM.Collect$$$$00000004  mc_w.l(entry5.o)
    0x08010194   0x08010194   0x00000000   Code   RO         8699    .ARM.Collect$$$$00000008  mc_w.l(entry7b.o)
    0x08010194   0x08010194   0x00000000   Code   RO         8701    .ARM.Collect$$$$0000000A  mc_w.l(entry8b.o)
    0x08010194   0x08010194   0x00000008   Code   RO         8702    .ARM.Collect$$$$0000000B  mc_w.l(entry9a.o)
    0x0801019c   0x0801019c   0x00000000   Code   RO         8704    .ARM.Collect$$$$0000000D  mc_w.l(entry10a.o)
    0x0801019c   0x0801019c   0x00000000   Code   RO         8706    .ARM.Collect$$$$0000000F  mc_w.l(entry11a.o)
    0x0801019c   0x0801019c   0x00000004   Code   RO         8695    .ARM.Collect$$$$00002712  mc_w.l(entry2.o)
    0x080101a0   0x080101a0   0x000000de   Code   RO         5141    .emb_text           port.o
    0x0801027e   0x0801027e   0x00000002   PAD
    0x08010280   0x08010280   0x00000024   Code   RO         3981    .text               startup_stm32l433xx.o
    0x080102a4   0x080102a4   0x00000068   Code   RO         8299    .text               mc_w.l(uldiv.o)
    0x0801030c   0x0801030c   0x00000062   Code   RO         8301    .text               mc_w.l(ldiv.o)
    0x0801036e   0x0801036e   0x00000040   Code   RO         8305    .text               mc_w.l(memmovea.o)
    0x080103ae   0x080103ae   0x00000024   Code   RO         8309    .text               mc_w.l(memseta.o)
    0x080103d2   0x080103d2   0x00000024   Code   RO         8311    .text               mc_w.l(strstr.o)
    0x080103f6   0x080103f6   0x0000000e   Code   RO         8313    .text               mc_w.l(strlen.o)
    0x08010404   0x08010404   0x0000001e   Code   RO         8315    .text               mc_w.l(strncmp.o)
    0x08010422   0x08010422   0x00000002   PAD
    0x08010424   0x08010424   0x00000038   Code   RO         8610    .text               mc_w.l(__0sscanf.o)
    0x0801045c   0x0801045c   0x00000152   Code   RO         8612    .text               mc_w.l(_scanf_int.o)
    0x080105ae   0x080105ae   0x00000002   PAD
    0x080105b0   0x080105b0   0x00000366   Code   RO         8614    .text               mc_w.l(scanf_fp.o)
    0x08010916   0x08010916   0x0000015e   Code   RO         8618    .text               mf_w.l(dadd.o)
    0x08010a74   0x08010a74   0x000000ea   Code   RO         8620    .text               mf_w.l(dmul.o)
    0x08010b5e   0x08010b5e   0x000000de   Code   RO         8622    .text               mf_w.l(ddiv.o)
    0x08010c3c   0x08010c3c   0x00000022   Code   RO         8624    .text               mf_w.l(dflti.o)
    0x08010c5e   0x08010c5e   0x0000001a   Code   RO         8626    .text               mf_w.l(dfltui.o)
    0x08010c78   0x08010c78   0x0000003e   Code   RO         8628    .text               mf_w.l(dfixi.o)
    0x08010cb6   0x08010cb6   0x00000032   Code   RO         8630    .text               mf_w.l(dfixui.o)
    0x08010ce8   0x08010ce8   0x00000026   Code   RO         8632    .text               mf_w.l(f2d.o)
    0x08010d0e   0x08010d0e   0x00000038   Code   RO         8634    .text               mf_w.l(d2f.o)
    0x08010d46   0x08010d46   0x0000002c   Code   RO         8709    .text               mc_w.l(uidiv.o)
    0x08010d72   0x08010d72   0x0000001e   Code   RO         8711    .text               mc_w.l(llshl.o)
    0x08010d90   0x08010d90   0x00000020   Code   RO         8713    .text               mc_w.l(llushr.o)
    0x08010db0   0x08010db0   0x00000024   Code   RO         8715    .text               mc_w.l(llsshr.o)
    0x08010dd4   0x08010dd4   0x0000001c   Code   RO         8726    .text               mc_w.l(_chval.o)
    0x08010df0   0x08010df0   0x00000028   Code   RO         8728    .text               mc_w.l(scanf_char.o)
    0x08010e18   0x08010e18   0x00000040   Code   RO         8730    .text               mc_w.l(_sgetc.o)
    0x08010e58   0x08010e58   0x00000000   Code   RO         8732    .text               mc_w.l(iusefp.o)
    0x08010e58   0x08010e58   0x0000006e   Code   RO         8733    .text               mf_w.l(fepilogue.o)
    0x08010ec6   0x08010ec6   0x000000ba   Code   RO         8735    .text               mf_w.l(depilogue.o)
    0x08010f80   0x08010f80   0x0000002e   Code   RO         8739    .text               mf_w.l(dscalb.o)
    0x08010fae   0x08010fae   0x000000a2   Code   RO         8741    .text               mf_w.l(dsqrt.o)
    0x08011050   0x08011050   0x00000018   Code   RO         8743    .text               mf_w.l(dfltul.o)
    0x08011068   0x08011068   0x00000030   Code   RO         8745    .text               mf_w.l(dfixul.o)
    0x08011098   0x08011098   0x00000030   Code   RO         8749    .text               mf_w.l(cdrcmple.o)
    0x080110c8   0x080110c8   0x00000024   Code   RO         8753    .text               mc_w.l(init.o)
    0x080110ec   0x080110ec   0x0000000a   Code   RO         8755    .text               mc_w.l(isspace_c.o)
    0x080110f6   0x080110f6   0x00000002   PAD
    0x080110f8   0x080110f8   0x00000332   Code   RO         8757    .text               mc_w.l(_scanf.o)
    0x0801142a   0x0801142a   0x00000002   PAD
    0x0801142c   0x0801142c   0x00000028   Code   RO         8759    .text               mc_w.l(ctype_c.o)
    0x08011454   0x08011454   0x00000056   Code   RO         8770    .text               mc_w.l(__dczerorl2.o)
    0x080114aa   0x080114aa   0x00000002   PAD
    0x080114ac   0x080114ac   0x000000dc   Code   RO         3536    i.ADC_ConversionStop  stm32l4xx_hal_adc.o
    0x08011588   0x08011588   0x00000068   Code   RO         3537    i.ADC_DMAConvCplt   stm32l4xx_hal_adc.o
    0x080115f0   0x080115f0   0x0000001a   Code   RO         3538    i.ADC_DMAError      stm32l4xx_hal_adc.o
    0x0801160a   0x0801160a   0x0000000a   Code   RO         3539    i.ADC_DMAHalfConvCplt  stm32l4xx_hal_adc.o
    0x08011614   0x08011614   0x00000068   Code   RO         3540    i.ADC_Disable       stm32l4xx_hal_adc.o
    0x0801167c   0x0801167c   0x00000068   Code   RO         3541    i.ADC_Enable        stm32l4xx_hal_adc.o
    0x080116e4   0x080116e4   0x0000000c   Code   RO         6386    i.BAT_ADC_Deinit    bat_adc.o
    0x080116f0   0x080116f0   0x000000dc   Code   RO         6387    i.BAT_ADC_Init      bat_adc.o
    0x080117cc   0x080117cc   0x00000044   Code   RO         6388    i.BAT_I2C_Init      bat_adc.o
    0x08011810   0x08011810   0x00000038   Code   RO         5906    i.BQ24295ReadByte   ms5837.o
    0x08011848   0x08011848   0x0000002c   Code   RO         5907    i.BQ24295WriteByte  ms5837.o
    0x08011874   0x08011874   0x00000078   Code   RO         7378    i.BT_CheckStrExist  radiolink.o
    0x080118ec   0x080118ec   0x00000040   Code   RO         7379    i.BT_CreateAckData  radiolink.o
    0x0801192c   0x0801192c   0x00000142   Code   RO         7380    i.BT_DataParserByCommand  radiolink.o
    0x08011a6e   0x08011a6e   0x00000002   PAD
    0x08011a70   0x08011a70   0x00000090   Code   RO         7381    i.BT_FastUpdateFWData  radiolink.o
    0x08011b00   0x08011b00   0x00000050   Code   RO         7382    i.BT_FastUpdateQueryLost  radiolink.o
    0x08011b50   0x08011b50   0x00000020   Code   RO         7383    i.BT_FastUpdate_Check  radiolink.o
    0x08011b70   0x08011b70   0x0000002c   Code   RO         7384    i.BT_FastUpdate_Init  radiolink.o
    0x08011b9c   0x08011b9c   0x0000005c   Code   RO         7385    i.BT_FastUpdate_Lost  radiolink.o
    0x08011bf8   0x08011bf8   0x00000014   Code   RO         7387    i.BT_Fetch_Percent  radiolink.o
    0x08011c0c   0x08011c0c   0x0000017c   Code   RO         7388    i.BT_Handler        radiolink.o
    0x08011d88   0x08011d88   0x00000040   Code   RO         7389    i.BT_Init           radiolink.o
    0x08011dc8   0x08011dc8   0x00000010   Code   RO         7390    i.BT_Is_FW_Updating  radiolink.o
    0x08011dd8   0x08011dd8   0x00000030   Code   RO         6130    i.BT_Pop            uart_link.o
    0x08011e08   0x08011e08   0x00000020   Code   RO         6131    i.BT_Push           uart_link.o
    0x08011e28   0x08011e28   0x00000010   Code   RO         7391    i.BT_QueryConnectedOrNot  radiolink.o
    0x08011e38   0x08011e38   0x0000010c   Code   RO         7392    i.BT_RecDataParser  radiolink.o
    0x08011f44   0x08011f44   0x0000001c   Code   RO         7393    i.BT_RxTask         radiolink.o
    0x08011f60   0x08011f60   0x0000005c   Code   RO         7394    i.BT_SetDateTime    radiolink.o
    0x08011fbc   0x08011fbc   0x00000070   Code   RO         6133    i.BT_Uart3_Init     uart_link.o
    0x0801202c   0x0801202c   0x0000002c   Code   RO         6134    i.BT_Uart3_Send_Data  uart_link.o
    0x08012058   0x08012058   0x00000038   Code   RO         6135    i.BT_Uart3_SwitchToFaster  uart_link.o
    0x08012090   0x08012090   0x0000009c   Code   RO         7395    i.BT_UpdateFWData   radiolink.o
    0x0801212c   0x0801212c   0x00000002   Code   RO          316    i.BusFault_Handler  stm32l4xx_it.o
    0x0801212e   0x0801212e   0x00000002   PAD
    0x08012130   0x08012130   0x00000054   Code   RO         7098    i.CalculateTimeSpan  storagetask.o
    0x08012184   0x08012184   0x00000024   Code   RO         6543    i.ConvertOffset     logger_display.o
    0x080121a8   0x080121a8   0x00000068   Code   RO         6210    i.Convert_DDMM_to_DD  print.o
    0x08012210   0x08012210   0x00000002   Code   RO          317    i.DMA1_Channel2_IRQHandler  stm32l4xx_it.o
    0x08012212   0x08012212   0x0000002e   Code   RO         2230    i.DMA_SetConfig     stm32l4xx_hal_dma.o
    0x08012240   0x08012240   0x00000002   Code   RO          318    i.DebugMon_Handler  stm32l4xx_it.o
    0x08012242   0x08012242   0x00000002   PAD
    0x08012244   0x08012244   0x0000022c   Code   RO         6896    i.DispSwitchByKey   displaytask.o
    0x08012470   0x08012470   0x00000098   Code   RO         7099    i.DiveRecordAddNewPoint  storagetask.o
    0x08012508   0x08012508   0x00000020   Code   RO         7100    i.DiveRecordFinish  storagetask.o
    0x08012528   0x08012528   0x000000a2   Code   RO         7101    i.DiveRecordGetIndex  storagetask.o
    0x080125ca   0x080125ca   0x00000002   PAD
    0x080125cc   0x080125cc   0x00000018   Code   RO         7102    i.DiveRecordSaveHead  storagetask.o
    0x080125e4   0x080125e4   0x00000020   Code   RO         7103    i.DiveRecordSaveNewPoint  storagetask.o
    0x08012604   0x08012604   0x00000088   Code   RO         7104    i.DiveRecordStart   storagetask.o
    0x0801268c   0x0801268c   0x00000028   Code   RO         7105    i.DiveRecordStopFromOutside  storagetask.o
    0x080126b4   0x080126b4   0x00000002   Code   RO            4    i.Error_Handler     main.o
    0x080126b6   0x080126b6   0x00000002   PAD
    0x080126b8   0x080126b8   0x0000008c   Code   RO         6431    i.GPIOInit          gpio_control.o
    0x08012744   0x08012744   0x00000048   Code   RO         6211    i.GPS_Handler       print.o
    0x0801278c   0x0801278c   0x00000020   Code   RO         6212    i.GPS_RecTask       print.o
    0x080127ac   0x080127ac   0x0000015a   Code   RO         6213    i.GPS_ReceiveDataHandler  print.o
    0x08012906   0x08012906   0x00000002   PAD
    0x08012908   0x08012908   0x00000018   Code   RO         6215    i.GPS_getNewPostion  print.o
    0x08012920   0x08012920   0x00000020   Code   RO         6389    i.Get_Adc_AverageNew  bat_adc.o
    0x08012940   0x08012940   0x000003f2   Code   RO         3543    i.HAL_ADC_ConfigChannel  stm32l4xx_hal_adc.o
    0x08012d32   0x08012d32   0x00000002   Code   RO         3544    i.HAL_ADC_ConvCpltCallback  stm32l4xx_hal_adc.o
    0x08012d34   0x08012d34   0x00000002   Code   RO         3545    i.HAL_ADC_ConvHalfCpltCallback  stm32l4xx_hal_adc.o
    0x08012d36   0x08012d36   0x00000002   Code   RO         3547    i.HAL_ADC_ErrorCallback  stm32l4xx_hal_adc.o
    0x08012d38   0x08012d38   0x000001ac   Code   RO         3552    i.HAL_ADC_Init      stm32l4xx_hal_adc.o
    0x08012ee4   0x08012ee4   0x00000064   Code   RO          415    i.HAL_ADC_MspInit   stm32l4xx_hal_msp.o
    0x08012f48   0x08012f48   0x000000b4   Code   RO         3559    i.HAL_ADC_Start_DMA  stm32l4xx_hal_adc.o
    0x08012ffc   0x08012ffc   0x0000007a   Code   RO         3562    i.HAL_ADC_Stop_DMA  stm32l4xx_hal_adc.o
    0x08013076   0x08013076   0x0000003a   Code   RO         2231    i.HAL_DMA_Abort     stm32l4xx_hal_dma.o
    0x080130b0   0x080130b0   0x0000004e   Code   RO         2232    i.HAL_DMA_Abort_IT  stm32l4xx_hal_dma.o
    0x080130fe   0x080130fe   0x00000002   PAD
    0x08013100   0x08013100   0x000000c0   Code   RO         2237    i.HAL_DMA_Init      stm32l4xx_hal_dma.o
    0x080131c0   0x080131c0   0x00000070   Code   RO         2241    i.HAL_DMA_Start_IT  stm32l4xx_hal_dma.o
    0x08013230   0x08013230   0x0000001c   Code   RO         1473    i.HAL_Delay         stm32l4xx_hal.o
    0x0801324c   0x0801324c   0x0000018e   Code   RO         2167    i.HAL_GPIO_Init     stm32l4xx_hal_gpio.o
    0x080133da   0x080133da   0x0000000a   Code   RO         2169    i.HAL_GPIO_ReadPin  stm32l4xx_hal_gpio.o
    0x080133e4   0x080133e4   0x0000000a   Code   RO         2171    i.HAL_GPIO_WritePin  stm32l4xx_hal_gpio.o
    0x080133ee   0x080133ee   0x00000002   PAD
    0x080133f0   0x080133f0   0x0000000c   Code   RO         1477    i.HAL_GetTick       stm32l4xx_hal.o
    0x080133fc   0x080133fc   0x00000056   Code   RO          954    i.HAL_I2CEx_ConfigAnalogFilter  stm32l4xx_hal_i2c_ex.o
    0x08013452   0x08013452   0x00000052   Code   RO          955    i.HAL_I2CEx_ConfigDigitalFilter  stm32l4xx_hal_i2c_ex.o
    0x080134a4   0x080134a4   0x000000b8   Code   RO          508    i.HAL_I2C_Init      stm32l4xx_hal_i2c.o
    0x0801355c   0x0801355c   0x0000012a   Code   RO          514    i.HAL_I2C_Master_Receive  stm32l4xx_hal_i2c.o
    0x08013686   0x08013686   0x00000002   PAD
    0x08013688   0x08013688   0x0000012a   Code   RO          521    i.HAL_I2C_Master_Transmit  stm32l4xx_hal_i2c.o
    0x080137b2   0x080137b2   0x00000002   PAD
    0x080137b4   0x080137b4   0x00000064   Code   RO          417    i.HAL_I2C_MspInit   stm32l4xx_hal_msp.o
    0x08013818   0x08013818   0x00000010   Code   RO         1481    i.HAL_IncTick       stm32l4xx_hal.o
    0x08013828   0x08013828   0x0000001e   Code   RO         1482    i.HAL_Init          stm32l4xx_hal.o
    0x08013846   0x08013846   0x00000002   PAD
    0x08013848   0x08013848   0x00000030   Code   RO         1483    i.HAL_InitTick      stm32l4xx_hal.o
    0x08013878   0x08013878   0x00000034   Code   RO          418    i.HAL_MspInit       stm32l4xx_hal_msp.o
    0x080138ac   0x080138ac   0x00000016   Code   RO         2678    i.HAL_NVIC_EnableIRQ  stm32l4xx_hal_cortex.o
    0x080138c2   0x080138c2   0x00000002   PAD
    0x080138c4   0x080138c4   0x00000040   Code   RO         2684    i.HAL_NVIC_SetPriority  stm32l4xx_hal_cortex.o
    0x08013904   0x08013904   0x00000024   Code   RO         2685    i.HAL_NVIC_SetPriorityGrouping  stm32l4xx_hal_cortex.o
    0x08013928   0x08013928   0x00000068   Code   RO         2458    i.HAL_PWREx_ControlVoltageScaling  stm32l4xx_hal_pwr_ex.o
    0x08013990   0x08013990   0x00000010   Code   RO         2485    i.HAL_PWREx_GetVoltageRange  stm32l4xx_hal_pwr_ex.o
    0x080139a0   0x080139a0   0x00000010   Code   RO         2350    i.HAL_PWR_EnableBkUpAccess  stm32l4xx_hal_pwr.o
    0x080139b0   0x080139b0   0x000002ee   Code   RO         1805    i.HAL_RCCEx_PeriphCLKConfig  stm32l4xx_hal_rcc_ex.o
    0x08013c9e   0x08013c9e   0x00000002   PAD
    0x08013ca0   0x08013ca0   0x00000118   Code   RO         1683    i.HAL_RCC_ClockConfig  stm32l4xx_hal_rcc.o
    0x08013db8   0x08013db8   0x00000024   Code   RO         1689    i.HAL_RCC_GetPCLK1Freq  stm32l4xx_hal_rcc.o
    0x08013ddc   0x08013ddc   0x00000024   Code   RO         1690    i.HAL_RCC_GetPCLK2Freq  stm32l4xx_hal_rcc.o
    0x08013e00   0x08013e00   0x000000a8   Code   RO         1691    i.HAL_RCC_GetSysClockFreq  stm32l4xx_hal_rcc.o
    0x08013ea8   0x08013ea8   0x000004b8   Code   RO         1694    i.HAL_RCC_OscConfig  stm32l4xx_hal_rcc.o
    0x08014360   0x08014360   0x00000002   Code   RO         3296    i.HAL_RTCEx_AlarmBEventCallback  stm32l4xx_hal_rtc_ex.o
    0x08014362   0x08014362   0x0000000a   Code   RO         3297    i.HAL_RTCEx_BKUPRead  stm32l4xx_hal_rtc_ex.o
    0x0801436c   0x0801436c   0x00000010   Code   RO         3298    i.HAL_RTCEx_BKUPWrite  stm32l4xx_hal_rtc_ex.o
    0x0801437c   0x0801437c   0x00000002   Code   RO         5522    i.HAL_RTCEx_WakeUpTimerEventCallback  rtc.o
    0x0801437e   0x0801437e   0x00000002   PAD
    0x08014380   0x08014380   0x00000034   Code   RO         3332    i.HAL_RTCEx_WakeUpTimerIRQHandler  stm32l4xx_hal_rtc_ex.o
    0x080143b4   0x080143b4   0x00000014   Code   RO         5523    i.HAL_RTC_AlarmAEventCallback  rtc.o
    0x080143c8   0x080143c8   0x00000058   Code   RO         3160    i.HAL_RTC_AlarmIRQHandler  stm32l4xx_hal_rtc.o
    0x08014420   0x08014420   0x00000044   Code   RO         3164    i.HAL_RTC_GetDate   stm32l4xx_hal_rtc.o
    0x08014464   0x08014464   0x00000054   Code   RO         3166    i.HAL_RTC_GetTime   stm32l4xx_hal_rtc.o
    0x080144b8   0x080144b8   0x000000c0   Code   RO         3167    i.HAL_RTC_Init      stm32l4xx_hal_rtc.o
    0x08014578   0x08014578   0x00000050   Code   RO          419    i.HAL_RTC_MspInit   stm32l4xx_hal_msp.o
    0x080145c8   0x080145c8   0x000000d0   Code   RO         3173    i.HAL_RTC_SetDate   stm32l4xx_hal_rtc.o
    0x08014698   0x08014698   0x00000100   Code   RO         3174    i.HAL_RTC_SetTime   stm32l4xx_hal_rtc.o
    0x08014798   0x08014798   0x00000036   Code   RO         3175    i.HAL_RTC_WaitForSynchro  stm32l4xx_hal_rtc.o
    0x080147ce   0x080147ce   0x000000ac   Code   RO         2819    i.HAL_SPI_Init      stm32l4xx_hal_spi.o
    0x0801487a   0x0801487a   0x00000002   PAD
    0x0801487c   0x0801487c   0x000000e4   Code   RO          421    i.HAL_SPI_MspInit   stm32l4xx_hal_msp.o
    0x08014960   0x08014960   0x00000184   Code   RO         2827    i.HAL_SPI_Transmit  stm32l4xx_hal_spi.o
    0x08014ae4   0x08014ae4   0x00000268   Code   RO         2828    i.HAL_SPI_TransmitReceive  stm32l4xx_hal_spi.o
    0x08014d4c   0x08014d4c   0x00000028   Code   RO         2689    i.HAL_SYSTICK_Config  stm32l4xx_hal_cortex.o
    0x08014d74   0x08014d74   0x00000002   Code   RO         1407    i.HAL_UARTEx_WakeupCallback  stm32l4xx_hal_uart_ex.o
    0x08014d76   0x08014d76   0x00000002   Code   RO         1066    i.HAL_UART_ErrorCallback  stm32l4xx_hal_uart.o
    0x08014d78   0x08014d78   0x00000144   Code   RO         1069    i.HAL_UART_IRQHandler  stm32l4xx_hal_uart.o
    0x08014ebc   0x08014ebc   0x0000006a   Code   RO         1070    i.HAL_UART_Init     stm32l4xx_hal_uart.o
    0x08014f26   0x08014f26   0x00000002   PAD
    0x08014f28   0x08014f28   0x00000110   Code   RO          423    i.HAL_UART_MspInit  stm32l4xx_hal_msp.o
    0x08015038   0x08015038   0x000000ac   Code   RO         1075    i.HAL_UART_Receive_IT  stm32l4xx_hal_uart.o
    0x080150e4   0x080150e4   0x00000014   Code   RO          424    i.HAL_UART_RxCpltCallback  stm32l4xx_hal_msp.o
    0x080150f8   0x080150f8   0x00000002   Code   RO         1081    i.HAL_UART_TxCpltCallback  stm32l4xx_hal_uart.o
    0x080150fa   0x080150fa   0x00000002   Code   RO          319    i.HardFault_Handler  stm32l4xx_it.o
    0x080150fc   0x080150fc   0x00000022   Code   RO          555    i.I2C_Flush_TXDR    stm32l4xx_hal_i2c.o
    0x0801511e   0x0801511e   0x00000002   PAD
    0x08015120   0x08015120   0x00000084   Code   RO          563    i.I2C_IsAcknowledgeFailed  stm32l4xx_hal_i2c.o
    0x080151a4   0x080151a4   0x0000002c   Code   RO          570    i.I2C_TransferConfig  stm32l4xx_hal_i2c.o
    0x080151d0   0x080151d0   0x00000058   Code   RO          571    i.I2C_WaitOnFlagUntilTimeout  stm32l4xx_hal_i2c.o
    0x08015228   0x08015228   0x00000084   Code   RO          572    i.I2C_WaitOnRXNEFlagUntilTimeout  stm32l4xx_hal_i2c.o
    0x080152ac   0x080152ac   0x0000004c   Code   RO          573    i.I2C_WaitOnSTOPFlagUntilTimeout  stm32l4xx_hal_i2c.o
    0x080152f8   0x080152f8   0x00000050   Code   RO          574    i.I2C_WaitOnTXISFlagUntilTimeout  stm32l4xx_hal_i2c.o
    0x08015348   0x08015348   0x0000038c   Code   RO         7591    i.IMU_AHRSupdate    imu.o
    0x080156d4   0x080156d4   0x000000b4   Code   RO         7593    i.IMU_GetQuater     imu.o
    0x08015788   0x08015788   0x00000168   Code   RO         7594    i.IMU_GetYawPitchRoll  imu.o
    0x080158f0   0x080158f0   0x0000002c   Code   RO         7595    i.IMU_Init          imu.o
    0x0801591c   0x0801591c   0x0000000c   Code   RO         8140    i.InitGlobalData    global.o
    0x08015928   0x08015928   0x000000d0   Code   RO            5    i.Jump_Bootloader   main.o
    0x080159f8   0x080159f8   0x00000028   Code   RO         7031    i.KeyExist          keytask.o
    0x08015a20   0x08015a20   0x0000000c   Code   RO         7032    i.KeyLongLongPressed  keytask.o
    0x08015a2c   0x08015a2c   0x00000032   Code   RO         7033    i.KeyLongPressed    keytask.o
    0x08015a5e   0x08015a5e   0x0000000e   Code   RO         7034    i.KeyReleased       keytask.o
    0x08015a6c   0x08015a6c   0x0000006e   Code   RO         5221    i.LCD_Address_Set   lcd.o
    0x08015ada   0x08015ada   0x00000002   PAD
    0x08015adc   0x08015adc   0x00000078   Code   RO         5222    i.LCD_Clear         lcd.o
    0x08015b54   0x08015b54   0x000000fc   Code   RO         5225    i.LCD_DrawLine      lcd.o
    0x08015c50   0x08015c50   0x0000001c   Code   RO         5229    i.LCD_Draw_Point    lcd.o
    0x08015c6c   0x08015c6c   0x00000080   Code   RO         5230    i.LCD_Fill          lcd.o
    0x08015cec   0x08015cec   0x00000730   Code   RO         5232    i.LCD_Init          lcd.o
    0x0801641c   0x0801641c   0x00000010   Code   RO         5234    i.LCD_SPI_Send      lcd.o
    0x0801642c   0x0801642c   0x00000146   Code   RO         5235    i.LCD_ShowChar      lcd.o
    0x08016572   0x08016572   0x0000004c   Code   RO         5237    i.LCD_ShowString    lcd.o
    0x080165be   0x080165be   0x00000002   PAD
    0x080165c0   0x080165c0   0x00000044   Code   RO         5238    i.LCD_Show_Image    lcd.o
    0x08016604   0x08016604   0x0000001c   Code   RO         5243    i.LCD_Write_Cmd     lcd.o
    0x08016620   0x08016620   0x0000001c   Code   RO         5244    i.LCD_Write_Data    lcd.o
    0x0801663c   0x0801663c   0x00000028   Code   RO         5245    i.LCD_Write_HalfWord  lcd.o
    0x08016664   0x08016664   0x0000000c   Code   RO         3565    i.LL_ADC_GetOffsetChannel  stm32l4xx_hal_adc.o
    0x08016670   0x08016670   0x00000008   Code   RO         3566    i.LL_ADC_INJ_IsConversionOngoing  stm32l4xx_hal_adc.o
    0x08016678   0x08016678   0x00000008   Code   RO         3567    i.LL_ADC_REG_IsConversionOngoing  stm32l4xx_hal_adc.o
    0x08016680   0x08016680   0x00000010   Code   RO         3568    i.LL_ADC_REG_IsTriggerSourceSWStart  stm32l4xx_hal_adc.o
    0x08016690   0x08016690   0x0000001e   Code   RO         3570    i.LL_ADC_SetChannelSamplingTime  stm32l4xx_hal_adc.o
    0x080166ae   0x080166ae   0x00000010   Code   RO         3571    i.LL_ADC_SetOffsetState  stm32l4xx_hal_adc.o
    0x080166be   0x080166be   0x000000a8   Code   RO         5756    i.MPU9250_AK8963_SPIx_Reads  mpu9250.o
    0x08016766   0x08016766   0x000000a0   Code   RO         5757    i.MPU9250_AK8963_SPIx_Write  mpu9250.o
    0x08016806   0x08016806   0x00000002   PAD
    0x08016808   0x08016808   0x00000058   Code   RO         5759    i.MPU9250_Get3AxisAccelRawData  mpu9250.o
    0x08016860   0x08016860   0x00000058   Code   RO         5760    i.MPU9250_Get3AxisGyroRawData  mpu9250.o
    0x080168b8   0x080168b8   0x00000074   Code   RO         5761    i.MPU9250_Get3AxisMagnetRawData  mpu9250.o
    0x0801692c   0x0801692c   0x000001fa   Code   RO         5762    i.MPU9250_Get3AxisMagnetRawData_ZL  mpu9250.o
    0x08016b26   0x08016b26   0x00000002   PAD
    0x08016b28   0x08016b28   0x000002c8   Code   RO         5766    i.MPU9250_Init      mpu9250.o
    0x08016df0   0x08016df0   0x00000044   Code   RO         5767    i.MPU9250_SPIx_Read  mpu9250.o
    0x08016e34   0x08016e34   0x0000005c   Code   RO         5768    i.MPU9250_SPIx_Reads  mpu9250.o
    0x08016e90   0x08016e90   0x00000040   Code   RO         5769    i.MPU9250_SPIx_Write  mpu9250.o
    0x08016ed0   0x08016ed0   0x00000054   Code   RO         5770    i.MPU9250_SPIx_Writes  mpu9250.o
    0x08016f24   0x08016f24   0x0000007c   Code   RO         5909    i.MS5837Altitude    ms5837.o
    0x08016fa0   0x08016fa0   0x0000029a   Code   RO         5910    i.MS5837Calculate   ms5837.o
    0x0801723a   0x0801723a   0x00000002   PAD
    0x0801723c   0x0801723c   0x00000034   Code   RO         5911    i.MS5837Depth       ms5837.o
    0x08017270   0x08017270   0x0000001a   Code   RO         5912    i.MS5837GetNewDevice  ms5837.o
    0x0801728a   0x0801728a   0x00000002   PAD
    0x0801728c   0x0801728c   0x000001c6   Code   RO         5913    i.MS5837Init        ms5837.o
    0x08017452   0x08017452   0x0000000e   Code   RO         5914    i.MS5837Pressure    ms5837.o
    0x08017460   0x08017460   0x000000b2   Code   RO         5915    i.MS5837Read        ms5837.o
    0x08017512   0x08017512   0x00000002   PAD
    0x08017514   0x08017514   0x00000018   Code   RO         5918    i.MS5837Temperature  ms5837.o
    0x0801752c   0x0801752c   0x00000030   Code   RO         7106    i.MX25Lxxx_ConfigCheckSum  storagetask.o
    0x0801755c   0x0801755c   0x0000000e   Code   RO         7107    i.MX25Lxxx_FastWriteData  storagetask.o
    0x0801756a   0x0801756a   0x00000002   PAD
    0x0801756c   0x0801756c   0x0000002c   Code   RO         7108    i.MX25Lxxx_FastWriteSize  storagetask.o
    0x08017598   0x08017598   0x00000078   Code   RO         7109    i.MX25Lxxx_ReadConfig  storagetask.o
    0x08017610   0x08017610   0x00000024   Code   RO         7111    i.MX25Lxxx_ReadLanguage  storagetask.o
    0x08017634   0x08017634   0x0000000c   Code   RO         7113    i.MX25Lxxx_ReadOxygenAddr  storagetask.o
    0x08017640   0x08017640   0x00000074   Code   RO         7115    i.MX25Lxxx_WriteApp  storagetask.o
    0x080176b4   0x080176b4   0x00000060   Code   RO         7116    i.MX25Lxxx_WriteConfig  storagetask.o
    0x08017714   0x08017714   0x00000030   Code   RO         7117    i.MX25Lxxx_WriteConfigDefault  storagetask.o
    0x08017744   0x08017744   0x00000024   Code   RO         7119    i.MX25Lxxx_WriteLanguage  storagetask.o
    0x08017768   0x08017768   0x0000000c   Code   RO         7121    i.MX25Lxxx_WriteMagnet_2  storagetask.o
    0x08017774   0x08017774   0x00000014   Code   RO         7122    i.MX25Lxxx_WriteOxygenAddr  storagetask.o
    0x08017788   0x08017788   0x00000074   Code   RO         5919    i.MX_I2C1_Init      ms5837.o
    0x080177fc   0x080177fc   0x0000012a   Code   RO         6578    i.Main_UI_ShowBattery  main_ui.o
    0x08017926   0x08017926   0x00000002   Code   RO          320    i.MemManage_Handler  stm32l4xx_it.o
    0x08017928   0x08017928   0x00000002   Code   RO          321    i.NMI_Handler       stm32l4xx_it.o
    0x0801792a   0x0801792a   0x00000020   Code   RO         2691    i.NVIC_SetPriority  stm32l4xx_hal_cortex.o
    0x0801794a   0x0801794a   0x00000002   PAD
    0x0801794c   0x0801794c   0x00000024   Code   RO         7396    i.NVIC_SystemReset  radiolink.o
    0x08017970   0x08017970   0x00000030   Code   RO         6217    i.PrintPop          print.o
    0x080179a0   0x080179a0   0x00000020   Code   RO         6218    i.PrintPush         print.o
    0x080179c0   0x080179c0   0x00000068   Code   RO         6219    i.Print_USART2_Init  print.o
    0x08017a28   0x08017a28   0x0000001c   Code   RO         6322    i.PushInNewData     uart_si446.o
    0x08017a44   0x08017a44   0x0000012c   Code   RO         1809    i.RCCEx_PLLSAI1_Config  stm32l4xx_hal_rcc_ex.o
    0x08017b70   0x08017b70   0x0000007c   Code   RO         1695    i.RCC_SetFlashLatencyFromMSIRange  stm32l4xx_hal_rcc.o
    0x08017bec   0x08017bec   0x0000000c   Code   RO         5524    i.RTC_Alarm_IRQHandler  rtc.o
    0x08017bf8   0x08017bf8   0x00000012   Code   RO         3176    i.RTC_Bcd2ToByte    stm32l4xx_hal_rtc.o
    0x08017c0a   0x08017c0a   0x00000018   Code   RO         3177    i.RTC_ByteToBcd2    stm32l4xx_hal_rtc.o
    0x08017c22   0x08017c22   0x00000002   PAD
    0x08017c24   0x08017c24   0x0000003a   Code   RO         3178    i.RTC_EnterInitMode  stm32l4xx_hal_rtc.o
    0x08017c5e   0x08017c5e   0x00000002   PAD
    0x08017c60   0x08017c60   0x00000070   Code   RO         5525    i.RTC_Init          rtc.o
    0x08017cd0   0x08017cd0   0x00000024   Code   RO         5527    i.RTC_Set_Date      rtc.o
    0x08017cf4   0x08017cf4   0x0000002c   Code   RO         5528    i.RTC_Set_Time      rtc.o
    0x08017d20   0x08017d20   0x0000000c   Code   RO         5530    i.RTC_WKUP_IRQHandler  rtc.o
    0x08017d2c   0x08017d2c   0x00000016   Code   RO         7123    i.ReadRecordGetHeadInfo  storagetask.o
    0x08017d42   0x08017d42   0x00000002   PAD
    0x08017d44   0x08017d44   0x00000070   Code   RO         7124    i.ReadRecordGetIndexInfo  storagetask.o
    0x08017db4   0x08017db4   0x0000001e   Code   RO         7125    i.ReadRecordGetPointInfo  storagetask.o
    0x08017dd2   0x08017dd2   0x00000002   PAD
    0x08017dd4   0x08017dd4   0x0000006c   Code   RO         6323    i.SI446_DataParser  uart_si446.o
    0x08017e40   0x08017e40   0x00000060   Code   RO         6324    i.SI446_ReceiveDataHandler  uart_si446.o
    0x08017ea0   0x08017ea0   0x00000054   Code   RO         5625    i.SPI2_Init         w25qxx.o
    0x08017ef4   0x08017ef4   0x00000020   Code   RO         5626    i.SPI2_ReadWriteByte  w25qxx.o
    0x08017f14   0x08017f14   0x00000034   Code   RO         5627    i.SPI2_SetSpeed     w25qxx.o
    0x08017f48   0x08017f48   0x00000048   Code   RO         2857    i.SPI_EndRxTxTransaction  stm32l4xx_hal_spi.o
    0x08017f90   0x08017f90   0x00000096   Code   RO         2862    i.SPI_WaitFifoStateUntilTimeout  stm32l4xx_hal_spi.o
    0x08018026   0x08018026   0x00000094   Code   RO         2863    i.SPI_WaitFlagStateUntilTimeout  stm32l4xx_hal_spi.o
    0x080180ba   0x080180ba   0x00000002   PAD
    0x080180bc   0x080180bc   0x000000c8   Code   RO         5401    i.Show_Font         text.o
    0x08018184   0x08018184   0x000000b2   Code   RO         5402    i.Show_Str          text.o
    0x08018236   0x08018236   0x0000000e   Code   RO          322    i.SysTick_Handler   stm32l4xx_it.o
    0x08018244   0x08018244   0x00000082   Code   RO            6    i.SystemClock_Config  main.o
    0x080182c6   0x080182c6   0x00000002   PAD
    0x080182c8   0x080182c8   0x00000044   Code   RO         3944    i.SystemInit        system_stm32l4xx.o
    0x0801830c   0x0801830c   0x000000c8   Code   RO         1083    i.UART_AdvFeatureConfig  stm32l4xx_hal_uart.o
    0x080183d4   0x080183d4   0x0000005c   Code   RO         1084    i.UART_CheckIdleState  stm32l4xx_hal_uart.o
    0x08018430   0x08018430   0x00000014   Code   RO         1085    i.UART_DMAAbortOnError  stm32l4xx_hal_uart.o
    0x08018444   0x08018444   0x00000020   Code   RO         1095    i.UART_EndRxTransfer  stm32l4xx_hal_uart.o
    0x08018464   0x08018464   0x0000005c   Code   RO         1097    i.UART_RxISR_16BIT  stm32l4xx_hal_uart.o
    0x080184c0   0x080184c0   0x0000005a   Code   RO         1098    i.UART_RxISR_8BIT   stm32l4xx_hal_uart.o
    0x0801851a   0x0801851a   0x00000002   PAD
    0x0801851c   0x0801851c   0x00000254   Code   RO         1099    i.UART_SetConfig    stm32l4xx_hal_uart.o
    0x08018770   0x08018770   0x00000064   Code   RO         1102    i.UART_WaitOnFlagUntilTimeout  stm32l4xx_hal_uart.o
    0x080187d4   0x080187d4   0x0000000c   Code   RO          323    i.USART1_IRQHandler  stm32l4xx_it.o
    0x080187e0   0x080187e0   0x00000004   Code   RO          324    i.USART2_IRQHandler  stm32l4xx_it.o
    0x080187e4   0x080187e4   0x00000004   Code   RO          325    i.USART3_IRQHandler  stm32l4xx_it.o
    0x080187e8   0x080187e8   0x00000024   Code   RO         6325    i.USR_UART1_RxCpltCallback  uart_si446.o
    0x0801880c   0x0801880c   0x0000005c   Code   RO         6220    i.USR_UART2_RxCpltCallback  print.o
    0x08018868   0x08018868   0x00000078   Code   RO         6136    i.USR_UART3_RxCpltCallback  uart_link.o
    0x080188e0   0x080188e0   0x00000002   Code   RO          326    i.UsageFault_Handler  stm32l4xx_it.o
    0x080188e2   0x080188e2   0x00000002   PAD
    0x080188e4   0x080188e4   0x00000064   Code   RO         5629    i.W25QXX_Erase_Sector  w25qxx.o
    0x08018948   0x08018948   0x0000009c   Code   RO         5630    i.W25QXX_Init       w25qxx.o
    0x080189e4   0x080189e4   0x00000074   Code   RO         5632    i.W25QXX_Read       w25qxx.o
    0x08018a58   0x08018a58   0x00000050   Code   RO         5633    i.W25QXX_ReadID     w25qxx.o
    0x08018aa8   0x08018aa8   0x00000048   Code   RO         5634    i.W25QXX_ReadSR     w25qxx.o
    0x08018af0   0x08018af0   0x0000000e   Code   RO         5636    i.W25QXX_Wait_Busy  w25qxx.o
    0x08018afe   0x08018afe   0x00000002   PAD
    0x08018b00   0x08018b00   0x000000a2   Code   RO         5637    i.W25QXX_Write      w25qxx.o
    0x08018ba2   0x08018ba2   0x00000002   PAD
    0x08018ba4   0x08018ba4   0x0000002c   Code   RO         5639    i.W25QXX_Write_Enable  w25qxx.o
    0x08018bd0   0x08018bd0   0x0000003e   Code   RO         5640    i.W25QXX_Write_NoCheck  w25qxx.o
    0x08018c0e   0x08018c0e   0x00000002   PAD
    0x08018c10   0x08018c10   0x0000007c   Code   RO         5641    i.W25QXX_Write_Page  w25qxx.o
    0x08018c8c   0x08018c8c   0x00000058   Code   RO         6433    i.WritePowerControl  gpio_control.o
    0x08018ce4   0x08018ce4   0x00000090   Code   RO         5771    i.Zhengl_GetAverage_4  mpu9250.o
    0x08018d74   0x08018d74   0x00000020   Code   RO         8554    i.__0printf         mc_w.l(printfa.o)
    0x08018d94   0x08018d94   0x00000028   Code   RO         8556    i.__0sprintf        mc_w.l(printfa.o)
    0x08018dbc   0x08018dbc   0x00000030   Code   RO         8670    i.__ARM_fpclassify  m_wm.l(fpclassify.o)
    0x08018dec   0x08018dec   0x00000004   PAD
    0x08018df0   0x08018df0   0x00000384   Code   RO         8168    i.__hardfp_asin     m_wm.l(asin.o)
    0x08019174   0x08019174   0x00000004   PAD
    0x08019178   0x08019178   0x000002d8   Code   RO         8636    i.__hardfp_atan     m_wm.l(atan.o)
    0x08019450   0x08019450   0x000001f0   Code   RO         8182    i.__hardfp_atan2    m_wm.l(atan2.o)
    0x08019640   0x08019640   0x00000c80   Code   RO         8220    i.__hardfp_pow      m_wm.l(pow.o)
    0x0801a2c0   0x0801a2c0   0x0000007a   Code   RO         8260    i.__hardfp_sqrt     m_wm.l(sqrt.o)
    0x0801a33a   0x0801a33a   0x000000f8   Code   RO         8688    i.__kernel_poly     m_wm.l(poly.o)
    0x0801a432   0x0801a432   0x00000006   PAD
    0x0801a438   0x0801a438   0x00000030   Code   RO         8650    i.__mathlib_dbl_divzero  m_wm.l(dunder.o)
    0x0801a468   0x0801a468   0x00000014   Code   RO         8651    i.__mathlib_dbl_infnan  m_wm.l(dunder.o)
    0x0801a47c   0x0801a47c   0x00000014   Code   RO         8652    i.__mathlib_dbl_infnan2  m_wm.l(dunder.o)
    0x0801a490   0x0801a490   0x00000020   Code   RO         8653    i.__mathlib_dbl_invalid  m_wm.l(dunder.o)
    0x0801a4b0   0x0801a4b0   0x00000020   Code   RO         8654    i.__mathlib_dbl_overflow  m_wm.l(dunder.o)
    0x0801a4d0   0x0801a4d0   0x00000020   Code   RO         8656    i.__mathlib_dbl_underflow  m_wm.l(dunder.o)
    0x0801a4f0   0x0801a4f0   0x0000000e   Code   RO         8764    i.__scatterload_copy  mc_w.l(handlers.o)
    0x0801a4fe   0x0801a4fe   0x00000002   Code   RO         8765    i.__scatterload_null  mc_w.l(handlers.o)
    0x0801a500   0x0801a500   0x0000000e   Code   RO         8766    i.__scatterload_zeroinit  mc_w.l(handlers.o)
    0x0801a50e   0x0801a50e   0x00000002   PAD
    0x0801a510   0x0801a510   0x0000000c   Code   RO         8721    i.__set_errno       mc_w.l(errno.o)
    0x0801a51c   0x0801a51c   0x0000018a   Code   RO         8561    i._fp_digits        mc_w.l(printfa.o)
    0x0801a6a6   0x0801a6a6   0x0000000e   Code   RO         8616    i._is_digit         mc_w.l(scanf_fp.o)
    0x0801a6b4   0x0801a6b4   0x000006e2   Code   RO         8562    i._printf_core      mc_w.l(printfa.o)
    0x0801ad96   0x0801ad96   0x00000024   Code   RO         8563    i._printf_post_padding  mc_w.l(printfa.o)
    0x0801adba   0x0801adba   0x0000002e   Code   RO         8564    i._printf_pre_padding  mc_w.l(printfa.o)
    0x0801ade8   0x0801ade8   0x0000000a   Code   RO         8566    i._sputc            mc_w.l(printfa.o)
    0x0801adf2   0x0801adf2   0x00000010   Code   RO         8638    i.atan              m_wm.l(atan.o)
    0x0801ae02   0x0801ae02   0x00000004   Code   RO         7655    i.baroUpdate        barometer.o
    0x0801ae06   0x0801ae06   0x00000002   PAD
    0x0801ae08   0x0801ae08   0x0000014c   Code   RO         7126    i.configParamTask   storagetask.o
    0x0801af54   0x0801af54   0x0000002c   Code   RO         7397    i.crc16             radiolink.o
    0x0801af80   0x0801af80   0x00000286   Code   RO         6470    i.depth_ui_new      depth_ui.o
    0x0801b206   0x0801b206   0x00000002   PAD
    0x0801b208   0x0801b208   0x00000014   Code   RO         6898    i.displayInit       displaytask.o
    0x0801b21c   0x0801b21c   0x00000084   Code   RO         6899    i.displayTask       displaytask.o
    0x0801b2a0   0x0801b2a0   0x00000064   Code   RO         5932    i.drv_pressure_meas_ms5837_read  ms5837.o
    0x0801b304   0x0801b304   0x000001c2   Code   RO         6806    i.endDive_ui        enddive_ui.o
    0x0801b4c6   0x0801b4c6   0x00000018   Code   RO         8666    i.fabs              m_wm.l(fabs.o)
    0x0801b4de   0x0801b4de   0x00000002   PAD
    0x0801b4e0   0x0801b4e0   0x00000020   Code   RO         6223    i.fputc             print.o
    0x0801b500   0x0801b500   0x00000030   Code   RO         7036    i.getKeyStateNew    keytask.o
    0x0801b530   0x0801b530   0x00000038   Code   RO         6137    i.get_BT_ReceiveData  uart_link.o
    0x0801b568   0x0801b568   0x00000058   Code   RO         6900    i.get_display_data  displaytask.o
    0x0801b5c0   0x0801b5c0   0x00000108   Code   RO         6868    i.gps_ui            gps_ui.o
    0x0801b6c8   0x0801b6c8   0x0000002c   Code   RO         7596    i.invSqrt           imu.o
    0x0801b6f4   0x0801b6f4   0x00000084   Code   RO         5601    i.keyInit           key.o
    0x0801b778   0x0801b778   0x0000018c   Code   RO         7038    i.keyTask           keytask.o
    0x0801b904   0x0801b904   0x0000017a   Code   RO         6513    i.language_ui       language_ui.o
    0x0801ba7e   0x0801ba7e   0x00000002   PAD
    0x0801ba80   0x0801ba80   0x00000050   Code   RO         5246    i.lcd_spi_init      lcd.o
    0x0801bad0   0x0801bad0   0x000005a6   Code   RO         6544    i.logger_ui_new     logger_display.o
    0x0801c076   0x0801c076   0x00000002   PAD
    0x0801c078   0x0801c078   0x000000f0   Code   RO            7    i.main              main.o
    0x0801c168   0x0801c168   0x0000076a   Code   RO         6579    i.main_ui           main_ui.o
    0x0801c8d2   0x0801c8d2   0x00000002   PAD
    0x0801c8d4   0x0801c8d4   0x000000e4   Code   RO         6623    i.match_ui          match_ui.o
    0x0801c9b8   0x0801c9b8   0x0000017e   Code   RO         6654    i.menu_ui           menu_display.o
    0x0801cb36   0x0801cb36   0x00000002   PAD
    0x0801cb38   0x0801cb38   0x00000166   Code   RO         6682    i.mode_ui           mode_display.o
    0x0801cc9e   0x0801cc9e   0x00000002   PAD
    0x0801cca0   0x0801cca0   0x00000050   Code   RO         5772    i.mpu_spi_init      mpu9250.o
    0x0801ccf0   0x0801ccf0   0x00000058   Code   RO         5933    i.ms5837_init       ms5837.o
    0x0801cd48   0x0801cd48   0x0000002c   Code   RO         8058    i.my_mem_init       malloc.o
    0x0801cd74   0x0801cd74   0x00000088   Code   RO         8059    i.my_mem_malloc     malloc.o
    0x0801cdfc   0x0801cdfc   0x0000003c   Code   RO         8060    i.my_mem_perused    malloc.o
    0x0801ce38   0x0801ce38   0x00000020   Code   RO         8062    i.mymalloc          malloc.o
    0x0801ce58   0x0801ce58   0x0000000e   Code   RO         8064    i.mymemset          malloc.o
    0x0801ce66   0x0801ce66   0x00000014   Code   RO         4754    i.osSystickHandler  cmsis_os.o
    0x0801ce7a   0x0801ce7a   0x00000002   PAD
    0x0801ce7c   0x0801ce7c   0x00000070   Code   RO         4414    i.prvAddCurrentTaskToDelayedList  tasks.o
    0x0801ceec   0x0801ceec   0x000000d0   Code   RO         4415    i.prvAddNewTaskToReadyList  tasks.o
    0x0801cfbc   0x0801cfbc   0x00000014   Code   RO         4416    i.prvDeleteTCB      tasks.o
    0x0801cfd0   0x0801cfd0   0x00000048   Code   RO         5080    i.prvHeapInit       heap_4.o
    0x0801d018   0x0801d018   0x00000060   Code   RO         4417    i.prvIdleTask       tasks.o
    0x0801d078   0x0801d078   0x0000008e   Code   RO         4418    i.prvInitialiseNewTask  tasks.o
    0x0801d106   0x0801d106   0x00000002   PAD
    0x0801d108   0x0801d108   0x0000004c   Code   RO         5081    i.prvInsertBlockIntoFreeList  heap_4.o
    0x0801d154   0x0801d154   0x00000020   Code   RO         4419    i.prvResetNextTaskUnblockTime  tasks.o
    0x0801d174   0x0801d174   0x00000028   Code   RO         5142    i.prvTaskExitError  port.o
    0x0801d19c   0x0801d19c   0x000000d8   Code   RO         5082    i.pvPortMalloc      heap_4.o
    0x0801d274   0x0801d274   0x0000002c   Code   RO         5143    i.pxPortInitialiseStack  port.o
    0x0801d2a0   0x0801d2a0   0x000001aa   Code   RO         6710    i.reset_ui          reset_ui.o
    0x0801d44a   0x0801d44a   0x00000012   Code   RO         7549    i.sensorsInit       sensorstask.o
    0x0801d45c   0x0801d45c   0x00000058   Code   RO         7550    i.sensorsTask       sensorstask.o
    0x0801d4b4   0x0801d4b4   0x00000020   Code   RO         6901    i.setShow_ui        displaytask.o
    0x0801d4d4   0x0801d4d4   0x0000000c   Code   RO         6903    i.set_display_data_depth  displaytask.o
    0x0801d4e0   0x0801d4e0   0x0000001c   Code   RO         6904    i.set_display_data_diving_time  displaytask.o
    0x0801d4fc   0x0801d4fc   0x0000000c   Code   RO         6905    i.set_display_data_no_bat_state  displaytask.o
    0x0801d508   0x0801d508   0x0000000c   Code   RO         6906    i.set_display_data_no_bat_status  displaytask.o
    0x0801d514   0x0801d514   0x00000010   Code   RO         6908    i.set_display_data_no_oxygen_State  displaytask.o
    0x0801d524   0x0801d524   0x0000000c   Code   RO         6909    i.set_display_data_temp  displaytask.o
    0x0801d530   0x0801d530   0x00000014   Code   RO         6910    i.set_display_data_zebra_date  displaytask.o
    0x0801d544   0x0801d544   0x00000014   Code   RO         6911    i.set_display_data_zebra_time  displaytask.o
    0x0801d558   0x0801d558   0x0000016e   Code   RO         6741    i.set_ui            set_display.o
    0x0801d6c6   0x0801d6c6   0x0000006e   Code   RO         8262    i.sqrt              m_wm.l(sqrt.o)
    0x0801d734   0x0801d734   0x0000010c   Code   RO            8    i.startTask         main.o
    0x0801d840   0x0801d840   0x00000286   Code   RO         6770    i.time_ui_new       time_ui.o
    0x0801dac6   0x0801dac6   0x00000010   Code   RO         5937    i.to_uint32         ms5837.o
    0x0801dad6   0x0801dad6   0x00000002   PAD
    0x0801dad8   0x0801dad8   0x0000005c   Code   RO         6327    i.uartSi446Init     uart_si446.o
    0x0801db34   0x0801db34   0x00000014   Code   RO         6328    i.uartsi446GetOxygen  uart_si446.o
    0x0801db48   0x0801db48   0x0000010e   Code   RO         6837    i.update_ui         update_ui.o
    0x0801dc56   0x0801dc56   0x00000026   Code   RO         4087    i.uxListRemove      list.o
    0x0801dc7c   0x0801dc7c   0x00000016   Code   RO         4088    i.vListInitialise   list.o
    0x0801dc92   0x0801dc92   0x00000006   Code   RO         4089    i.vListInitialiseItem  list.o
    0x0801dc98   0x0801dc98   0x00000030   Code   RO         4090    i.vListInsert       list.o
    0x0801dcc8   0x0801dcc8   0x00000018   Code   RO         4091    i.vListInsertEnd    list.o
    0x0801dce0   0x0801dce0   0x00000040   Code   RO         5145    i.vPortEnterCritical  port.o
    0x0801dd20   0x0801dd20   0x00000028   Code   RO         5146    i.vPortExitCritical  port.o
    0x0801dd48   0x0801dd48   0x0000005c   Code   RO         5083    i.vPortFree         heap_4.o
    0x0801dda4   0x0801dda4   0x00000024   Code   RO         5147    i.vPortSetupTimerInterrupt  port.o
    0x0801ddc8   0x0801ddc8   0x0000004c   Code   RO         4427    i.vTaskDelay        tasks.o
    0x0801de14   0x0801de14   0x0000008c   Code   RO         4428    i.vTaskDelayUntil   tasks.o
    0x0801dea0   0x0801dea0   0x000000ac   Code   RO         4429    i.vTaskDelete       tasks.o
    0x0801df4c   0x0801df4c   0x00000068   Code   RO         4441    i.vTaskStartScheduler  tasks.o
    0x0801dfb4   0x0801dfb4   0x00000010   Code   RO         4443    i.vTaskSuspendAll   tasks.o
    0x0801dfc4   0x0801dfc4   0x0000005c   Code   RO         4444    i.vTaskSwitchContext  tasks.o
    0x0801e020   0x0801e020   0x0000000c   Code   RO         5085    i.xPortGetFreeHeapSize  heap_4.o
    0x0801e02c   0x0801e02c   0x000000f4   Code   RO         5149    i.xPortStartScheduler  port.o
    0x0801e120   0x0801e120   0x0000002c   Code   RO         5150    i.xPortSysTickHandler  port.o
    0x0801e14c   0x0801e14c   0x0000005c   Code   RO         4446    i.xTaskCreate       tasks.o
    0x0801e1a8   0x0801e1a8   0x0000001c   Code   RO         4450    i.xTaskGetSchedulerState  tasks.o
    0x0801e1c4   0x0801e1c4   0x0000000c   Code   RO         4451    i.xTaskGetTickCount  tasks.o
    0x0801e1d0   0x0801e1d0   0x000000c8   Code   RO         4453    i.xTaskIncrementTick  tasks.o
    0x0801e298   0x0801e298   0x000000c4   Code   RO         4459    i.xTaskResumeAll    tasks.o
    0x0801e35c   0x0801e35c   0x00000040   Data   RO         3945    .constdata          system_stm32l4xx.o
    0x0801e39c   0x0801e39c   0x00000008   Data   RO         3946    .constdata          system_stm32l4xx.o
    0x0801e3a4   0x0801e3a4   0x00000120   Data   RO         5453    .constdata          zqjqr_log.o
    0x0801e4c4   0x0801e4c4   0x00000120   Data   RO         5454    .constdata          zqjqr_log.o
    0x0801e5e4   0x0801e5e4   0x000004a4   Data   RO         5455    .constdata          zqjqr_log.o
    0x0801ea88   0x0801ea88   0x00000024   Data   RO         5456    .constdata          zqjqr_log.o
    0x0801eaac   0x0801eaac   0x00000024   Data   RO         5457    .constdata          zqjqr_log.o
    0x0801ead0   0x0801ead0   0x00000548   Data   RO         5458    .constdata          zqjqr_log.o
    0x0801f018   0x0801f018   0x00000320   Data   RO         5459    .constdata          zqjqr_log.o
    0x0801f338   0x0801f338   0x00000320   Data   RO         5460    .constdata          zqjqr_log.o
    0x0801f658   0x0801f658   0x00000230   Data   RO         5461    .constdata          zqjqr_log.o
    0x0801f888   0x0801f888   0x00000230   Data   RO         5462    .constdata          zqjqr_log.o
    0x0801fab8   0x0801fab8   0x00000320   Data   RO         5463    .constdata          zqjqr_log.o
    0x0801fdd8   0x0801fdd8   0x000003d4   Data   RO         5464    .constdata          zqjqr_log.o
    0x080201ac   0x080201ac   0x000003d4   Data   RO         5465    .constdata          zqjqr_log.o
    0x08020580   0x08020580   0x000003d4   Data   RO         5466    .constdata          zqjqr_log.o
    0x08020954   0x08020954   0x000003d4   Data   RO         5467    .constdata          zqjqr_log.o
    0x08020d28   0x08020d28   0x00000548   Data   RO         5469    .constdata          zqjqr_log.o
    0x08021270   0x08021270   0x00000320   Data   RO         5470    .constdata          zqjqr_log.o
    0x08021590   0x08021590   0x00000320   Data   RO         5471    .constdata          zqjqr_log.o
    0x080218b0   0x080218b0   0x000000c8   Data   RO         5472    .constdata          zqjqr_log.o
    0x08021978   0x08021978   0x000002a0   Data   RO         5473    .constdata          zqjqr_log.o
    0x08021c18   0x08021c18   0x000003c0   Data   RO         5474    .constdata          zqjqr_log.o
    0x08021fd8   0x08021fd8   0x00000480   Data   RO         5475    .constdata          zqjqr_log.o
    0x08022458   0x08022458   0x00000b40   Data   RO         5476    .constdata          zqjqr_log.o
    0x08022f98   0x08022f98   0x00000b40   Data   RO         5477    .constdata          zqjqr_log.o
    0x08023ad8   0x08023ad8   0x00000b40   Data   RO         5478    .constdata          zqjqr_log.o
    0x08024618   0x08024618   0x00000480   Data   RO         5479    .constdata          zqjqr_log.o
    0x08024a98   0x08024a98   0x00000480   Data   RO         5480    .constdata          zqjqr_log.o
    0x08024f18   0x08024f18   0x00000480   Data   RO         5481    .constdata          zqjqr_log.o
    0x08025398   0x08025398   0x00000480   Data   RO         5482    .constdata          zqjqr_log.o
    0x08025818   0x08025818   0x00000480   Data   RO         5483    .constdata          zqjqr_log.o
    0x08025c98   0x08025c98   0x00000480   Data   RO         5484    .constdata          zqjqr_log.o
    0x08026118   0x08026118   0x00000240   Data   RO         5485    .constdata          zqjqr_log.o
    0x08026358   0x08026358   0x00000120   Data   RO         5486    .constdata          zqjqr_log.o
    0x08026478   0x08026478   0x00000320   Data   RO         5487    .constdata          zqjqr_log.o
    0x08026798   0x08026798   0x00000474   Data   RO         5508    .constdata          font.o
    0x08026c0c   0x08026c0c   0x000005f0   Data   RO         5509    .constdata          font.o
    0x080271fc   0x080271fc   0x000011d0   Data   RO         5510    .constdata          font.o
    0x080283cc   0x080283cc   0x000017c0   Data   RO         5511    .constdata          font.o
    0x08029b8c   0x08029b8c   0x00000920   Data   RO         5512    .constdata          font.o
    0x0802a4ac   0x0802a4ac   0x0000000c   Data   RO         5940    .constdata          ms5837.o
    0x0802a4b8   0x0802a4b8   0x00000024   Data   RO         6580    .constdata          main_ui.o
    0x0802a4dc   0x0802a4dc   0x00000400   Data   RO         7399    .constdata          radiolink.o
    0x0802a8dc   0x0802a8dc   0x00000024   Data   RO         8072    .constdata          malloc.o
    0x0802a900   0x0802a900   0x00000050   Data   RO         8171    .constdata          m_wm.l(asin.o)
    0x0802a950   0x0802a950   0x00000088   Data   RO         8223    .constdata          m_wm.l(pow.o)
    0x0802a9d8   0x0802a9d8   0x00000098   Data   RO         8639    .constdata          m_wm.l(atan.o)
    0x0802aa70   0x0802aa70   0x00000008   Data   RO         8690    .constdata          m_wm.l(qnan.o)
    0x0802aa78   0x0802aa78   0x00000040   Data   RO         8760    .constdata          mc_w.l(ctype_c.o)
    0x0802aab8   0x0802aab8   0x00000093   Data   RO         5405    .conststring        text.o
    0x0802ab4b   0x0802ab4b   0x00000001   PAD
    0x0802ab4c   0x0802ab4c   0x00000029   Data   RO         6471    .conststring        depth_ui.o
    0x0802ab75   0x0802ab75   0x00000003   PAD
    0x0802ab78   0x0802ab78   0x00000025   Data   RO         6515    .conststring        language_ui.o
    0x0802ab9d   0x0802ab9d   0x00000003   PAD
    0x0802aba0   0x0802aba0   0x0000004f   Data   RO         6581    .conststring        main_ui.o
    0x0802abef   0x0802abef   0x00000001   PAD
    0x0802abf0   0x0802abf0   0x0000003d   Data   RO         6624    .conststring        match_ui.o
    0x0802ac2d   0x0802ac2d   0x00000003   PAD
    0x0802ac30   0x0802ac30   0x00000029   Data   RO         6655    .conststring        menu_display.o
    0x0802ac59   0x0802ac59   0x00000003   PAD
    0x0802ac5c   0x0802ac5c   0x00000021   Data   RO         6683    .conststring        mode_display.o
    0x0802ac7d   0x0802ac7d   0x00000003   PAD
    0x0802ac80   0x0802ac80   0x00000043   Data   RO         6711    .conststring        reset_ui.o
    0x0802acc3   0x0802acc3   0x00000001   PAD
    0x0802acc4   0x0802acc4   0x0000001d   Data   RO         6742    .conststring        set_display.o
    0x0802ace1   0x0802ace1   0x00000003   PAD
    0x0802ace4   0x0802ace4   0x00000011   Data   RO         6771    .conststring        time_ui.o
    0x0802acf5   0x0802acf5   0x00000003   PAD
    0x0802acf8   0x0802acf8   0x0000003d   Data   RO         6807    .conststring        enddive_ui.o
    0x0802ad35   0x0802ad35   0x00000003   PAD
    0x0802ad38   0x0802ad38   0x0000001f   Data   RO         6838    .conststring        update_ui.o
    0x0802ad57   0x0802ad57   0x00000001   PAD
    0x0802ad58   0x0802ad58   0x00000020   Data   RO         8762    Region$$Table       anon$$obj.o


    Execution Region RW_IRAM1 (Exec base: 0x20000000, Load base: 0x0802ad78, Size: 0x0000e1c0, Max: 0x0000ff80, ABSOLUTE, COMPRESSED[0x000001bc])

    Exec Addr    Load Addr    Size         Type   Attr      Idx    E Section Name        Object

    0x20000000   COMPRESSED   0x00000008   Data   RW           10    .data               main.o
    0x20000008   COMPRESSED   0x00000004   Data   RW         1498    .data               stm32l4xx_hal.o
    0x2000000c   COMPRESSED   0x00000004   Data   RW         3947    .data               system_stm32l4xx.o
    0x20000010   COMPRESSED   0x0000003c   Data   RW         4462    .data               tasks.o
    0x2000004c   COMPRESSED   0x00000018   Data   RW         5088    .data               heap_4.o
    0x20000064   COMPRESSED   0x0000000c   Data   RW         5151    .data               port.o
    0x20000070   COMPRESSED   0x00000006   Data   RW         5248    .data               lcd.o
    0x20000076   COMPRESSED   0x00000002   PAD
    0x20000078   COMPRESSED   0x00000004   Data   RW         5406    .data               text.o
    0x2000007c   COMPRESSED   0x00000004   Data   RW         5533    .data               rtc.o
    0x20000080   COMPRESSED   0x00000002   Data   RW         5644    .data               w25qxx.o
    0x20000082   COMPRESSED   0x00000012   Data   RW         5774    .data               mpu9250.o
    0x20000094   COMPRESSED   0x00000002   Data   RW         5941    .data               ms5837.o
    0x20000096   COMPRESSED   0x00000001   Data   RW         6139    .data               uart_link.o
    0x20000097   COMPRESSED   0x00000004   Data   RW         6226    .data               print.o
    0x2000009b   COMPRESSED   0x00000005   Data   RW         6330    .data               uart_si446.o
    0x200000a0   COMPRESSED   0x00000001   Data   RW         6434    .data               gpio_control.o
    0x200000a1   COMPRESSED   0x00000003   PAD
    0x200000a4   COMPRESSED   0x00000020   Data   RW         6472    .data               depth_ui.o
    0x200000c4   COMPRESSED   0x00000018   Data   RW         6517    .data               language_ui.o
    0x200000dc   COMPRESSED   0x00000194   Data   RW         6583    .data               main_ui.o
    0x20000270   COMPRESSED   0x00000014   Data   RW         6625    .data               match_ui.o
    0x20000284   COMPRESSED   0x00000018   Data   RW         6656    .data               menu_display.o
    0x2000029c   COMPRESSED   0x00000018   Data   RW         6684    .data               mode_display.o
    0x200002b4   COMPRESSED   0x00000028   Data   RW         6712    .data               reset_ui.o
    0x200002dc   COMPRESSED   0x00000018   Data   RW         6743    .data               set_display.o
    0x200002f4   COMPRESSED   0x0000001c   Data   RW         6772    .data               time_ui.o
    0x20000310   COMPRESSED   0x00000034   Data   RW         6808    .data               enddive_ui.o
    0x20000344   COMPRESSED   0x00000010   Data   RW         6839    .data               update_ui.o
    0x20000354   COMPRESSED   0x00000004   Data   RW         6913    .data               displaytask.o
    0x20000358   COMPRESSED   0x00000010   Data   RW         7039    .data               keytask.o
    0x20000368   COMPRESSED   0x00000005   Data   RW         7128    .data               storagetask.o
    0x2000036d   COMPRESSED   0x00000003   PAD
    0x20000370   COMPRESSED   0x0000000c   Data   RW         7400    .data               radiolink.o
    0x2000037c   COMPRESSED   0x00000010   Data   RW         7598    .data               imu.o
    0x2000038c   COMPRESSED   0x00000024   Data   RW         8073    .data               malloc.o
    0x200003b0   COMPRESSED   0x00000001   Data   RW         8141    .data               global.o
    0x200003b1   COMPRESSED   0x00000001   Data   RW         8142    .data               global.o
    0x200003b2   COMPRESSED   0x00000002   PAD
    0x200003b4   COMPRESSED   0x00000004   Data   RW         8708    .data               mc_w.l(stdout.o)
    0x200003b8   COMPRESSED   0x00000004   Data   RW         8722    .data               mc_w.l(errno.o)
    0x200003bc        -       0x0000012c   Zero   RW         4461    .bss                tasks.o
    0x200004e8        -       0x00007530   Zero   RW         5087    .bss                heap_4.o
    0x20007a18        -       0x000004e4   Zero   RW         5247    .bss                lcd.o
    0x20007efc        -       0x00000038   Zero   RW         5531    .bss                rtc.o
    0x20007f34        -       0x00000014   Zero   RW         5532    .bss                rtc.o
    0x20007f48        -       0x00001064   Zero   RW         5643    .bss                w25qxx.o
    0x20008fac        -       0x0000008e   Zero   RW         5773    .bss                mpu9250.o
    0x2000903a   COMPRESSED   0x00000002   PAD
    0x2000903c        -       0x00000178   Zero   RW         5939    .bss                ms5837.o
    0x200091b4        -       0x000002d6   Zero   RW         6138    .bss                uart_link.o
    0x2000948a   COMPRESSED   0x00000006   PAD
    0x20009490        -       0x000001e0   Zero   RW         6225    .bss                print.o
    0x20009670        -       0x000000aa   Zero   RW         6329    .bss                uart_si446.o
    0x2000971a   COMPRESSED   0x00000002   PAD
    0x2000971c        -       0x000000bc   Zero   RW         6390    .bss                bat_adc.o
    0x200097d8        -       0x00000040   Zero   RW         6912    .bss                displaytask.o
    0x20009818        -       0x00000048   Zero   RW         7127    .bss                storagetask.o
    0x20009860        -       0x000000e8   Zero   RW         7398    .bss                radiolink.o
    0x20009948        -       0x00000074   Zero   RW         7551    .bss                sensorstask.o
    0x200099bc   COMPRESSED   0x00000004   PAD
    0x200099c0        -       0x00004000   Zero   RW         8070    .bss                malloc.o
    0x2000d9c0        -       0x00000400   Zero   RW         8071    .bss                malloc.o
    0x2000ddc0        -       0x00000400   Zero   RW         3978    STACK               startup_stm32l433xx.o


    Execution Region RW_IRAM2 (Exec base: 0x2000ff80, Load base: 0x0802af34, Size: 0x00000004, Max: 0x00000080, ABSOLUTE, UNINIT)

    Exec Addr    Load Addr    Size         Type   Attr      Idx    E Section Name        Object

    0x2000ff80        -       0x00000001   Zero   RW            9    .ARM.__AT_0x2000FF80  main.o



  Load Region LR$$.ARM.__AT_0x10000000 (Base: 0x10000000, Size: 0x00000000, Max: 0x0000f000, ABSOLUTE)

    Execution Region ER$$.ARM.__AT_0x10000000 (Exec base: 0x10000000, Load base: 0x10000000, Size: 0x0000f000, Max: 0x0000f000, ABSOLUTE, UNINIT)

    Exec Addr    Load Addr    Size         Type   Attr      Idx    E Section Name        Object

    0x10000000        -       0x0000f000   Zero   RW         8066    .ARM.__AT_0x10000000  malloc.o



  Load Region LR$$.ARM.__AT_0x1000F000 (Base: 0x1000f000, Size: 0x00000000, Max: 0x00000f00, ABSOLUTE)

    Execution Region ER$$.ARM.__AT_0x1000F000 (Exec base: 0x1000f000, Load base: 0x1000f000, Size: 0x00000f00, Max: 0x00000f00, ABSOLUTE, UNINIT)

    Exec Addr    Load Addr    Size         Type   Attr      Idx    E Section Name        Object

    0x1000f000        -       0x00000f00   Zero   RW         8067    .ARM.__AT_0x1000F000  malloc.o



  Load Region LR$$.ARM.__AT_0xC01F4000 (Base: 0xc01f4000, Size: 0x00000000, Max: 0x01c3c000, ABSOLUTE)

    Execution Region ER$$.ARM.__AT_0xC01F4000 (Exec base: 0xc01f4000, Load base: 0xc01f4000, Size: 0x01c3c000, Max: 0x01c3c000, ABSOLUTE, UNINIT)

    Exec Addr    Load Addr    Size         Type   Attr      Idx    E Section Name        Object

    0xc01f4000        -       0x01c3c000   Zero   RW         8068    .ARM.__AT_0xC01F4000  malloc.o



  Load Region LR$$.ARM.__AT_0xC1E30000 (Base: 0xc1e30000, Size: 0x00000000, Max: 0x001c3c00, ABSOLUTE)

    Execution Region ER$$.ARM.__AT_0xC1E30000 (Exec base: 0xc1e30000, Load base: 0xc1e30000, Size: 0x001c3c00, Max: 0x001c3c00, ABSOLUTE, UNINIT)

    Exec Addr    Load Addr    Size         Type   Attr      Idx    E Section Name        Object

    0xc1e30000        -       0x001c3c00   Zero   RW         8069    .ARM.__AT_0xC1E30000  malloc.o


==============================================================================

Image component sizes


      Code (inc. data)   RO Data    RW Data    ZI Data      Debug   Object Name

         4          0          0          0          0        897   barometer.o
       332         58          0          0        188       3225   bat_adc.o
        20          0          0          0          0        627   cmsis_os.o
       646         42         41         32          0       3720   depth_ui.o
       960        130          0          4         64       9290   displaytask.o
       450         32         61         52          0       1937   enddive_ui.o
         0          0          0          0          0       9584   event_groups.o
         0          0      15636          0          0        676   font.o
        12          4          0          2          0        778   global.o
       228         48          0          1          0       1931   gpio_control.o
       264         58          0          0          0        709   gps_ui.o
       468         28          0         24      30000       8066   heap_4.o
      1536         52          0         16          0       4948   imu.o
       132         14          0          0          0       1010   key.o
       560         36          0         16          0       5231   keytask.o
       378         26         37         24          0       1821   language_ui.o
      3140        106          0          6       1252      13057   lcd.o
       138          0          0          0          0       3670   list.o
      1482        148          0          0          0       2060   logger_display.o
       848        270          0          8          1     757816   main.o
      2196        200        115        404          0       4657   main_ui.o
       286         30         36         36   31538944       5423   malloc.o
       228         34         61         20          0       1692   match_ui.o
       382         46         41         24          0       1804   menu_display.o
       358         46         33         24          0       1758   mode_display.o
      2370        310          0         18        142      11880   mpu9250.o
      1958        284         12          2        376      13109   ms5837.o
       734         72          0         12          0      11280   port.o
       886        166          0          4        480       7668   print.o
      2018        368       1024         12        232      46132   radiolink.o
       426         38         67         40          0       2012   reset_ui.o
       238         46          0          4         76       4939   rtc.o
       106          4          0          0        116       2324   sensorstask.o
       366         44         29         24          0       1780   set_display.o
        36          8        396          0       1024        816   startup_stm32l433xx.o
       134         18          0          4          0       4295   stm32l4xx_hal.o
      2404        114          0          0          0      67727   stm32l4xx_hal_adc.o
       194         14          0          0          0      30523   stm32l4xx_hal_cortex.o
       486         14          0          0          0       4293   stm32l4xx_hal_dma.o
       418         28          0          0          0       3139   stm32l4xx_hal_gpio.o
      1366         38          0          0          0      10822   stm32l4xx_hal_i2c.o
       168          0          0          0          0       1971   stm32l4xx_hal_i2c_ex.o
       852         78          0          0          0       5679   stm32l4xx_hal_msp.o
        16          4          0          0          0        563   stm32l4xx_hal_pwr.o
       120         20          0          0          0       1402   stm32l4xx_hal_pwr_ex.o
      1852         92          0          0          0       7116   stm32l4xx_hal_rcc.o
      1050         30          0          0          0       3184   stm32l4xx_hal_rcc_ex.o
      1050         34          0          0          0       8470   stm32l4xx_hal_rtc.o
        80          6          0          0          0       3589   stm32l4xx_hal_rtc_ex.o
      1546          0          0          0          0       7688   stm32l4xx_hal_spi.o
      1828         74          0          0          0      11392   stm32l4xx_hal_uart.o
         2          0          0          0          0       1040   stm32l4xx_hal_uart_ex.o
        48          6          0          0          0       6824   stm32l4xx_it.o
      1760        316          0          5         72      19661   storagetask.o
        68         12         72          4          0       1265   system_stm32l4xx.o
      1738        148          0         60        300      18527   tasks.o
       378         16        147          4          0       2804   text.o
       646         42         17         28          0       2929   time_ui.o
       468         84          0          1        726       5740   uart_link.o
       380         82          0          5        170       5049   uart_si446.o
       270         36         31         16          0       1826   update_ui.o
      1098         84          0          2       4196       9593   w25qxx.o
         0          0      33780          0          0       2907   zqjqr_log.o

    ----------------------------------------------------------------------
     44702       4138      51696        948   31578376    1198345   Object Totals
         0          0         32          0          0          0   (incl. Generated)
        96          0         28         10         17          0   (incl. Padding)

    ----------------------------------------------------------------------

      Code (inc. data)   RO Data    RW Data    ZI Data      Debug   Library Member Name

       900         94         80          0          0        280   asin.o
       744        106        152          0          0        352   atan.o
       496         64          0          0          0        192   atan2.o
       184         44          0          0          0        744   dunder.o
        24          0          0          0          0        124   fabs.o
        48          0          0          0          0        124   fpclassify.o
       248          0          0          0          0        152   poly.o
      3200        296        136          0          0        352   pow.o
         0          0          8          0          0          0   qnan.o
       232          0          0          0          0        296   sqrt.o
        56          8          0          0          0         84   __0sscanf.o
        86          0          0          0          0          0   __dczerorl2.o
        28          0          0          0          0         68   _chval.o
       818          4          0          0          0        112   _scanf.o
       338          0          0          0          0         96   _scanf_int.o
        64          0          0          0          0         84   _sgetc.o
        40          6         64          0          0         68   ctype_c.o
         0          0          0          0          0          0   entry.o
         0          0          0          0          0          0   entry10a.o
         0          0          0          0          0          0   entry11a.o
         8          4          0          0          0          0   entry2.o
         4          0          0          0          0          0   entry5.o
         0          0          0          0          0          0   entry7b.o
         0          0          0          0          0          0   entry8b.o
         8          4          0          0          0          0   entry9a.o
        12          6          0          4          0         68   errno.o
        30          0          0          0          0          0   handlers.o
        36          8          0          0          0         68   init.o
        10          0          0          0          0         68   isspace_c.o
         0          0          0          0          0          0   iusefp.o
        98          0          0          0          0         84   ldiv.o
        30          0          0          0          0         68   llshl.o
        36          0          0          0          0         68   llsshr.o
        32          0          0          0          0         68   llushr.o
        64          0          0          0          0         76   memmovea.o
        36          0          0          0          0        108   memseta.o
      2320         96          0          0          0        604   printfa.o
        40          8          0          0          0         84   scanf_char.o
       884         12          0          0          0        216   scanf_fp.o
         0          0          0          4          0          0   stdout.o
        14          0          0          0          0         68   strlen.o
        30          0          0          0          0         80   strncmp.o
        36          0          0          0          0         80   strstr.o
        44          0          0          0          0         80   uidiv.o
       104          0          0          0          0         92   uldiv.o
        48          0          0          0          0         68   cdrcmple.o
        56          0          0          0          0         88   d2f.o
       350          0          0          0          0        148   dadd.o
       222          0          0          0          0        100   ddiv.o
       186          0          0          0          0        176   depilogue.o
        62          0          0          0          0         80   dfixi.o
        50          0          0          0          0         76   dfixui.o
        48          0          0          0          0         68   dfixul.o
        34          0          0          0          0         76   dflti.o
        26          0          0          0          0         76   dfltui.o
        24          0          0          0          0         76   dfltul.o
       234          0          0          0          0         96   dmul.o
        46          0          0          0          0         80   dscalb.o
       162          0          0          0          0        100   dsqrt.o
        38          0          0          0          0         68   f2d.o
       110          0          0          0          0        168   fepilogue.o

    ----------------------------------------------------------------------
     13106        760        440          8          0       6652   Library Totals
        28          0          0          0          0          0   (incl. Padding)

    ----------------------------------------------------------------------

      Code (inc. data)   RO Data    RW Data    ZI Data      Debug   Library Name

      6076        604        376          0          0       2616   m_wm.l
      5306        156         64          8          0       2492   mc_w.l
      1696          0          0          0          0       1544   mf_w.l

    ----------------------------------------------------------------------
     13106        760        440          8          0       6652   Library Totals

    ----------------------------------------------------------------------

==============================================================================


      Code (inc. data)   RO Data    RW Data    ZI Data      Debug   

     57808       4898      52136        956   31578376    1168845   Grand Totals
     57808       4898      52136        444   31578376    1168845   ELF Image Totals (compressed)
     57808       4898      52136        444          0          0   ROM Totals

==============================================================================

    Total RO  Size (Code + RO Data)               109944 ( 107.37kB)
    Total RW  Size (RW Data + ZI Data)          31579332 (30839.19kB)
    Total ROM Size (Code + RO Data + RW Data)     110388 ( 107.80kB)

==============================================================================

